Nov 29 13:11:41 jegui journal: Runtime journal is using 8.0M (max allowed 91.9M, trying to leave 137.8M free of 911.0M available → current limit 91.9M).
Nov 29 13:11:41 jegui kernel: Initializing cgroup subsys cpuset
Nov 29 13:11:41 jegui kernel: Initializing cgroup subsys cpu
Nov 29 13:11:41 jegui kernel: Initializing cgroup subsys cpuacct
Nov 29 13:11:41 jegui kernel: Linux version 3.10.0-957.el7.x86_64 (mockbuild@x86-040.build.eng.bos.redhat.com) (gcc version 4.8.5 20150623 (Red Hat 4.8.5-36) (GCC) ) #1 SMP Thu Oct 4 20:48:51 UTC 2018
Nov 29 13:11:41 jegui kernel: Command line: BOOT_IMAGE=/boot/vmlinuz-3.10.0-957.el7.x86_64 root=UUID=6c248666-70f5-4037-8b24-17100c2f5c1e ro console=tty0 console=ttyS0,115200n8 no_timer_check net.ifnames=0 crashkernel=auto LANG=en_US.UTF-8
Nov 29 13:11:41 jegui kernel: e820: BIOS-provided physical RAM map:
Nov 29 13:11:41 jegui kernel: BIOS-e820: [mem 0x0000000000000000-0x000000000009fbff] usable
Nov 29 13:11:41 jegui kernel: BIOS-e820: [mem 0x000000000009fc00-0x000000000009ffff] reserved
Nov 29 13:11:41 jegui kernel: BIOS-e820: [mem 0x00000000000f0000-0x00000000000fffff] reserved
Nov 29 13:11:41 jegui kernel: BIOS-e820: [mem 0x0000000000100000-0x000000007fff9fff] usable
Nov 29 13:11:41 jegui kernel: BIOS-e820: [mem 0x000000007fffa000-0x000000007fffffff] reserved
Nov 29 13:11:41 jegui kernel: BIOS-e820: [mem 0x00000000feffc000-0x00000000feffffff] reserved
Nov 29 13:11:41 jegui kernel: BIOS-e820: [mem 0x00000000fffc0000-0x00000000ffffffff] reserved
Nov 29 13:11:41 jegui kernel: NX (Execute Disable) protection: active
Nov 29 13:11:41 jegui kernel: SMBIOS 2.4 present.
Nov 29 13:11:41 jegui kernel: DMI: Red Hat KVM, BIOS 0.5.1 01/01/2011
Nov 29 13:11:41 jegui kernel: Hypervisor detected: KVM
Nov 29 13:11:41 jegui kernel: e820: last_pfn = 0x7fffa max_arch_pfn = 0x400000000
Nov 29 13:11:41 jegui kernel: PAT configuration [0-7]: WB  WC  UC- UC  WB  WP  UC- UC  
Nov 29 13:11:41 jegui kernel: found SMP MP-table at [mem 0x000f6380-0x000f638f] mapped at [ffffffffff200380]
Nov 29 13:11:41 jegui kernel: Using GB pages for direct mapping
Nov 29 13:11:41 jegui kernel: RAMDISK: [mem 0x32c7e000-0x35636fff]
Nov 29 13:11:41 jegui kernel: Early table checksum verification disabled
Nov 29 13:11:41 jegui kernel: ACPI: RSDP 00000000000f61b0 00014 (v00 BOCHS )
Nov 29 13:11:41 jegui kernel: ACPI: RSDT 000000007ffffb40 00030 (v01 BOCHS  BXPCRSDT 00000001 BXPC 00000001)
Nov 29 13:11:41 jegui kernel: ACPI: FACP 000000007ffff177 00074 (v01 BOCHS  BXPCFACP 00000001 BXPC 00000001)
Nov 29 13:11:41 jegui kernel: ACPI: DSDT 000000007fffe040 01137 (v01 BOCHS  BXPCDSDT 00000001 BXPC 00000001)
Nov 29 13:11:41 jegui kernel: ACPI: FACS 000000007fffe000 00040
Nov 29 13:11:41 jegui kernel: ACPI: SSDT 000000007ffff1eb 008D5 (v01 BOCHS  BXPCSSDT 00000001 BXPC 00000001)
Nov 29 13:11:41 jegui kernel: ACPI: APIC 000000007ffffac0 00080 (v01 BOCHS  BXPCAPIC 00000001 BXPC 00000001)
Nov 29 13:11:41 jegui kernel: No NUMA configuration found
Nov 29 13:11:41 jegui kernel: Faking a node at [mem 0x0000000000000000-0x000000007fff9fff]
Nov 29 13:11:41 jegui kernel: NODE_DATA(0) allocated [mem 0x7ffd3000-0x7fff9fff]
Nov 29 13:11:41 jegui kernel: Reserving 161MB of memory at 640MB for crashkernel (System RAM: 2047MB)
Nov 29 13:11:41 jegui kernel: kvm-clock: cpu 0, msr 0:7ff82001, primary cpu clock
Nov 29 13:11:41 jegui kernel: kvm-clock: Using msrs 4b564d01 and 4b564d00
Nov 29 13:11:41 jegui kernel: kvm-clock: using sched offset of 1835610901 cycles
Nov 29 13:11:41 jegui kernel: Zone ranges:
Nov 29 13:11:41 jegui kernel:  DMA      [mem 0x00001000-0x00ffffff]
Nov 29 13:11:41 jegui kernel:  DMA32    [mem 0x01000000-0xffffffff]
Nov 29 13:11:41 jegui kernel:  Normal   empty
Nov 29 13:11:41 jegui kernel: Movable zone start for each node
Nov 29 13:11:41 jegui kernel: Early memory node ranges
Nov 29 13:11:41 jegui kernel:  node   0: [mem 0x00001000-0x0009efff]
Nov 29 13:11:41 jegui kernel:  node   0: [mem 0x00100000-0x7fff9fff]
Nov 29 13:11:41 jegui kernel: Initmem setup node 0 [mem 0x00001000-0x7fff9fff]
Nov 29 13:11:41 jegui kernel: ACPI: PM-Timer IO Port: 0x608
Nov 29 13:11:41 jegui kernel: ACPI: LAPIC (acpi_id[0x00] lapic_id[0x00] enabled)
Nov 29 13:11:41 jegui kernel: ACPI: LAPIC (acpi_id[0x01] lapic_id[0x01] enabled)
Nov 29 13:11:41 jegui kernel: ACPI: LAPIC_NMI (acpi_id[0xff] dfl dfl lint[0x1])
Nov 29 13:11:41 jegui kernel: ACPI: IOAPIC (id[0x00] address[0xfec00000] gsi_base[0])
Nov 29 13:11:41 jegui kernel: IOAPIC[0]: apic_id 0, version 17, address 0xfec00000, GSI 0-23
Nov 29 13:11:41 jegui kernel: ACPI: INT_SRC_OVR (bus 0 bus_irq 0 global_irq 2 dfl dfl)
Nov 29 13:11:41 jegui kernel: ACPI: INT_SRC_OVR (bus 0 bus_irq 5 global_irq 5 high level)
Nov 29 13:11:41 jegui kernel: ACPI: INT_SRC_OVR (bus 0 bus_irq 9 global_irq 9 high level)
Nov 29 13:11:41 jegui kernel: ACPI: INT_SRC_OVR (bus 0 bus_irq 10 global_irq 10 high level)
Nov 29 13:11:41 jegui kernel: ACPI: INT_SRC_OVR (bus 0 bus_irq 11 global_irq 11 high level)
Nov 29 13:11:41 jegui kernel: Using ACPI (MADT) for SMP configuration information
Nov 29 13:11:41 jegui kernel: smpboot: Allowing 2 CPUs, 0 hotplug CPUs
Nov 29 13:11:41 jegui kernel: PM: Registered nosave memory: [mem 0x0009f000-0x0009ffff]
Nov 29 13:11:41 jegui kernel: PM: Registered nosave memory: [mem 0x000a0000-0x000effff]
Nov 29 13:11:41 jegui kernel: PM: Registered nosave memory: [mem 0x000f0000-0x000fffff]
Nov 29 13:11:41 jegui kernel: e820: [mem 0x80000000-0xfeffbfff] available for PCI devices
Nov 29 13:11:41 jegui kernel: Booting paravirtualized kernel on KVM
Nov 29 13:11:41 jegui kernel: setup_percpu: NR_CPUS:5120 nr_cpumask_bits:2 nr_cpu_ids:2 nr_node_ids:1
Nov 29 13:11:41 jegui kernel: PERCPU: Embedded 38 pages/cpu @ffff94a87fc00000 s118784 r8192 d28672 u1048576
Nov 29 13:11:41 jegui kernel: KVM setup async PF for cpu 0
Nov 29 13:11:41 jegui kernel: kvm-stealtime: cpu 0, msr 7fc1c040
Nov 29 13:11:41 jegui kernel: PV qspinlock hash table entries: 256 (order: 0, 4096 bytes)
Nov 29 13:11:41 jegui kernel: Built 1 zonelists in Node order, mobility grouping on.  Total pages: 515971
Nov 29 13:11:41 jegui kernel: Policy zone: DMA32
Nov 29 13:11:41 jegui kernel: Kernel command line: BOOT_IMAGE=/boot/vmlinuz-3.10.0-957.el7.x86_64 root=UUID=6c248666-70f5-4037-8b24-17100c2f5c1e ro console=tty0 console=ttyS0,115200n8 no_timer_check net.ifnames=0 crashkernel=auto LANG=en_US.UTF-8
Nov 29 13:11:41 jegui kernel: PID hash table entries: 4096 (order: 3, 32768 bytes)
Nov 29 13:11:41 jegui kernel: x86/fpu: xstate_offset[2]: 0240, xstate_sizes[2]: 0100
Nov 29 13:11:41 jegui kernel: x86/fpu: xstate_offset[3]: 03c0, xstate_sizes[3]: 0040
Nov 29 13:11:41 jegui kernel: x86/fpu: xstate_offset[4]: 0400, xstate_sizes[4]: 0040
Nov 29 13:11:41 jegui kernel: xsave: enabled xstate_bv 0x1f, cntxt size 0x440 using standard form
Nov 29 13:11:41 jegui kernel: Memory: 1836444k/2097128k available (7664k kernel code, 392k absent, 260292k reserved, 6055k data, 1876k init)
Nov 29 13:11:41 jegui kernel: SLUB: HWalign=64, Order=0-3, MinObjects=0, CPUs=2, Nodes=1
Nov 29 13:11:41 jegui kernel: x86/pti: Unmapping kernel while in userspace
Nov 29 13:11:41 jegui kernel: Hierarchical RCU implementation.
Nov 29 13:11:41 jegui kernel: #011RCU restricting CPUs from NR_CPUS=5120 to nr_cpu_ids=2.
Nov 29 13:11:41 jegui kernel: NR_IRQS:327936 nr_irqs:440 0
Nov 29 13:11:41 jegui kernel: Console: colour VGA+ 80x25
Nov 29 13:11:41 jegui kernel: console [tty0] enabled
Nov 29 13:11:41 jegui kernel: console [ttyS0] enabled
Nov 29 13:11:41 jegui kernel: allocated 8388608 bytes of page_cgroup
Nov 29 13:11:41 jegui kernel: please try 'cgroup_disable=memory' option if you don't want memory cgroups
Nov 29 13:11:41 jegui kernel: tsc: Detected 2711.988 MHz processor
Nov 29 13:11:41 jegui kernel: Calibrating delay loop (skipped) preset value.. 5423.97 BogoMIPS (lpj=2711988)
Nov 29 13:11:41 jegui kernel: pid_max: default: 32768 minimum: 301
Nov 29 13:11:41 jegui kernel: Security Framework initialized
Nov 29 13:11:41 jegui kernel: SELinux:  Initializing.
Nov 29 13:11:41 jegui kernel: Yama: becoming mindful.
Nov 29 13:11:41 jegui kernel: Dentry cache hash table entries: 262144 (order: 9, 2097152 bytes)
Nov 29 13:11:41 jegui kernel: Inode-cache hash table entries: 131072 (order: 8, 1048576 bytes)
Nov 29 13:11:41 jegui kernel: Mount-cache hash table entries: 4096 (order: 3, 32768 bytes)
Nov 29 13:11:41 jegui kernel: Mountpoint-cache hash table entries: 4096 (order: 3, 32768 bytes)
Nov 29 13:11:41 jegui kernel: Initializing cgroup subsys memory
Nov 29 13:11:41 jegui kernel: Initializing cgroup subsys devices
Nov 29 13:11:41 jegui kernel: Initializing cgroup subsys freezer
Nov 29 13:11:41 jegui kernel: Initializing cgroup subsys net_cls
Nov 29 13:11:41 jegui kernel: Initializing cgroup subsys blkio
Nov 29 13:11:41 jegui kernel: Initializing cgroup subsys perf_event
Nov 29 13:11:41 jegui kernel: Initializing cgroup subsys hugetlb
Nov 29 13:11:41 jegui kernel: Initializing cgroup subsys pids
Nov 29 13:11:41 jegui kernel: Initializing cgroup subsys net_prio
Nov 29 13:11:41 jegui kernel: mce: CPU supports 10 MCE banks
Nov 29 13:11:41 jegui kernel: Last level iTLB entries: 4KB 0, 2MB 0, 4MB 0
Nov 29 13:11:41 jegui kernel: Last level dTLB entries: 4KB 0, 2MB 0, 4MB 0
Nov 29 13:11:41 jegui kernel: tlb_flushall_shift: 6
Nov 29 13:11:41 jegui kernel: Speculative Store Bypass: Mitigation: Speculative Store Bypass disabled via prctl and seccomp
Nov 29 13:11:41 jegui kernel: FEATURE SPEC_CTRL Present
Nov 29 13:11:41 jegui kernel: FEATURE IBPB_SUPPORT Present
Nov 29 13:11:41 jegui kernel: Spectre V2 : Mitigation: IBRS (kernel)
Nov 29 13:11:41 jegui kernel: Freeing SMP alternatives: 28k freed
Nov 29 13:11:41 jegui kernel: ACPI: Core revision 20130517
Nov 29 13:11:41 jegui kernel: ACPI: All ACPI Tables successfully acquired
Nov 29 13:11:41 jegui kernel: ftrace: allocating 29185 entries in 115 pages
Nov 29 13:11:41 jegui kernel: Enabling x2apic
Nov 29 13:11:41 jegui kernel: Enabled x2apic
Nov 29 13:11:41 jegui kernel: Switched APIC routing to physical x2apic.
Nov 29 13:11:41 jegui kernel: ..TIMER: vector=0x30 apic1=0 pin1=2 apic2=-1 pin2=-1
Nov 29 13:11:41 jegui kernel: smpboot: CPU0: Intel(R) Core(TM) i7-6820HQ CPU @ 2.70GHz (fam: 06, model: 5e, stepping: 03)
Nov 29 13:11:41 jegui kernel: Performance Events: Skylake events, Intel PMU driver.
Nov 29 13:11:41 jegui kernel: ... version:                2
Nov 29 13:11:41 jegui kernel: ... bit width:              48
Nov 29 13:11:41 jegui kernel: ... generic registers:      4
Nov 29 13:11:41 jegui kernel: ... value mask:             0000ffffffffffff
Nov 29 13:11:41 jegui kernel: ... max period:             000000007fffffff
Nov 29 13:11:41 jegui kernel: ... fixed-purpose events:   3
Nov 29 13:11:41 jegui kernel: ... event mask:             000000070000000f
Nov 29 13:11:41 jegui kernel: KVM setup paravirtual spinlock
Nov 29 13:11:41 jegui kernel: smpboot: Booting Node   0, Processors  #1 OK
Nov 29 13:11:41 jegui kernel: kvm-clock: cpu 1, msr 0:7ff82041, secondary cpu clock
Nov 29 13:11:41 jegui kernel: Brought up 2 CPUs
Nov 29 13:11:41 jegui kernel: KVM setup async PF for cpu 1
Nov 29 13:11:41 jegui kernel: kvm-stealtime: cpu 1, msr 7fd1c040
Nov 29 13:11:41 jegui kernel: smpboot: Max logical packages: 2
Nov 29 13:11:41 jegui kernel: smpboot: Total of 2 processors activated (10847.95 BogoMIPS)
Nov 29 13:11:41 jegui kernel: devtmpfs: initialized
Nov 29 13:11:41 jegui kernel: EVM: security.selinux
Nov 29 13:11:41 jegui kernel: EVM: security.ima
Nov 29 13:11:41 jegui kernel: EVM: security.capability
Nov 29 13:11:41 jegui kernel: atomic64 test passed for x86-64 platform with CX8 and with SSE
Nov 29 13:11:41 jegui kernel: pinctrl core: initialized pinctrl subsystem
Nov 29 13:11:41 jegui kernel: RTC time: 18:11:40, date: 11/29/18
Nov 29 13:11:41 jegui kernel: NET: Registered protocol family 16
Nov 29 13:11:41 jegui kernel: ACPI: bus type PCI registered
Nov 29 13:11:41 jegui kernel: acpiphp: ACPI Hot Plug PCI Controller Driver version: 0.5
Nov 29 13:11:41 jegui kernel: PCI: Using configuration type 1 for base access
Nov 29 13:11:41 jegui kernel: ACPI: Added _OSI(Module Device)
Nov 29 13:11:41 jegui kernel: ACPI: Added _OSI(Processor Device)
Nov 29 13:11:41 jegui kernel: ACPI: Added _OSI(3.0 _SCP Extensions)
Nov 29 13:11:41 jegui kernel: ACPI: Added _OSI(Processor Aggregator Device)
Nov 29 13:11:41 jegui kernel: ACPI: Added _OSI(Linux-Dell-Video)
Nov 29 13:11:41 jegui kernel: ACPI: Interpreter enabled
Nov 29 13:11:41 jegui kernel: ACPI: (supports S0 S5)
Nov 29 13:11:41 jegui kernel: ACPI: Using IOAPIC for interrupt routing
Nov 29 13:11:41 jegui kernel: PCI: Using host bridge windows from ACPI; if necessary, use "pci=nocrs" and report a bug
Nov 29 13:11:41 jegui kernel: ACPI: Enabled 16 GPEs in block 00 to 0F
Nov 29 13:11:41 jegui kernel: ACPI: PCI Root Bridge [PCI0] (domain 0000 [bus 00-ff])
Nov 29 13:11:41 jegui kernel: acpi PNP0A03:00: _OSC: OS supports [ASPM ClockPM Segments MSI]
Nov 29 13:11:41 jegui kernel: acpi PNP0A03:00: _OSC failed (AE_NOT_FOUND); disabling ASPM
Nov 29 13:11:41 jegui kernel: acpi PNP0A03:00: fail to add MMCONFIG information, can't access extended PCI configuration space under this bridge.
Nov 29 13:11:41 jegui kernel: acpiphp: Slot [3] registered
Nov 29 13:11:41 jegui kernel: acpiphp: Slot [4] registered
Nov 29 13:11:41 jegui kernel: acpiphp: Slot [5] registered
Nov 29 13:11:41 jegui kernel: acpiphp: Slot [6] registered
Nov 29 13:11:41 jegui kernel: acpiphp: Slot [7] registered
Nov 29 13:11:41 jegui kernel: acpiphp: Slot [8] registered
Nov 29 13:11:41 jegui kernel: acpiphp: Slot [9] registered
Nov 29 13:11:41 jegui kernel: acpiphp: Slot [10] registered
Nov 29 13:11:41 jegui kernel: acpiphp: Slot [11] registered
Nov 29 13:11:41 jegui kernel: acpiphp: Slot [12] registered
Nov 29 13:11:41 jegui kernel: acpiphp: Slot [13] registered
Nov 29 13:11:41 jegui kernel: acpiphp: Slot [14] registered
Nov 29 13:11:41 jegui kernel: acpiphp: Slot [15] registered
Nov 29 13:11:41 jegui kernel: acpiphp: Slot [16] registered
Nov 29 13:11:41 jegui kernel: acpiphp: Slot [17] registered
Nov 29 13:11:41 jegui kernel: acpiphp: Slot [18] registered
Nov 29 13:11:41 jegui kernel: acpiphp: Slot [19] registered
Nov 29 13:11:41 jegui kernel: acpiphp: Slot [20] registered
Nov 29 13:11:41 jegui kernel: acpiphp: Slot [21] registered
Nov 29 13:11:41 jegui kernel: acpiphp: Slot [22] registered
Nov 29 13:11:41 jegui kernel: acpiphp: Slot [23] registered
Nov 29 13:11:41 jegui kernel: acpiphp: Slot [24] registered
Nov 29 13:11:41 jegui kernel: acpiphp: Slot [25] registered
Nov 29 13:11:41 jegui kernel: acpiphp: Slot [26] registered
Nov 29 13:11:41 jegui kernel: acpiphp: Slot [27] registered
Nov 29 13:11:41 jegui kernel: acpiphp: Slot [28] registered
Nov 29 13:11:41 jegui kernel: acpiphp: Slot [29] registered
Nov 29 13:11:41 jegui kernel: acpiphp: Slot [30] registered
Nov 29 13:11:41 jegui kernel: acpiphp: Slot [31] registered
Nov 29 13:11:41 jegui kernel: PCI host bridge to bus 0000:00
Nov 29 13:11:41 jegui kernel: pci_bus 0000:00: root bus resource [io  0x0000-0x0cf7 window]
Nov 29 13:11:41 jegui kernel: pci_bus 0000:00: root bus resource [io  0x0d00-0xffff window]
Nov 29 13:11:41 jegui kernel: pci_bus 0000:00: root bus resource [mem 0x000a0000-0x000bffff window]
Nov 29 13:11:41 jegui kernel: pci_bus 0000:00: root bus resource [mem 0x80000000-0xfebfffff window]
Nov 29 13:11:41 jegui kernel: pci_bus 0000:00: root bus resource [bus 00-ff]
Nov 29 13:11:41 jegui kernel: pci 0000:00:01.1: legacy IDE quirk: reg 0x10: [io  0x01f0-0x01f7]
Nov 29 13:11:41 jegui kernel: pci 0000:00:01.1: legacy IDE quirk: reg 0x14: [io  0x03f6]
Nov 29 13:11:41 jegui kernel: pci 0000:00:01.1: legacy IDE quirk: reg 0x18: [io  0x0170-0x0177]
Nov 29 13:11:41 jegui kernel: pci 0000:00:01.1: legacy IDE quirk: reg 0x1c: [io  0x0376]
Nov 29 13:11:41 jegui kernel: pci 0000:00:01.3: quirk: [io  0x0600-0x063f] claimed by PIIX4 ACPI
Nov 29 13:11:41 jegui kernel: pci 0000:00:01.3: quirk: [io  0x0700-0x070f] claimed by PIIX4 SMB
Nov 29 13:11:41 jegui kernel: ACPI: PCI Interrupt Link [LNKA] (IRQs 5 *10 11)
Nov 29 13:11:41 jegui kernel: ACPI: PCI Interrupt Link [LNKB] (IRQs 5 *10 11)
Nov 29 13:11:41 jegui kernel: ACPI: PCI Interrupt Link [LNKC] (IRQs 5 10 *11)
Nov 29 13:11:41 jegui kernel: ACPI: PCI Interrupt Link [LNKD] (IRQs 5 10 *11)
Nov 29 13:11:41 jegui kernel: ACPI: PCI Interrupt Link [LNKS] (IRQs *9)
Nov 29 13:11:41 jegui kernel: vgaarb: device added: PCI:0000:00:02.0,decodes=io+mem,owns=io+mem,locks=none
Nov 29 13:11:41 jegui kernel: vgaarb: loaded
Nov 29 13:11:41 jegui kernel: vgaarb: bridge control possible 0000:00:02.0
Nov 29 13:11:41 jegui kernel: SCSI subsystem initialized
Nov 29 13:11:41 jegui kernel: ACPI: bus type USB registered
Nov 29 13:11:41 jegui kernel: usbcore: registered new interface driver usbfs
Nov 29 13:11:41 jegui kernel: usbcore: registered new interface driver hub
Nov 29 13:11:41 jegui kernel: usbcore: registered new device driver usb
Nov 29 13:11:41 jegui kernel: EDAC MC: Ver: 3.0.0
Nov 29 13:11:41 jegui kernel: PCI: Using ACPI for IRQ routing
Nov 29 13:11:41 jegui kernel: NetLabel: Initializing
Nov 29 13:11:41 jegui kernel: NetLabel:  domain hash size = 128
Nov 29 13:11:41 jegui kernel: NetLabel:  protocols = UNLABELED CIPSOv4
Nov 29 13:11:41 jegui kernel: NetLabel:  unlabeled traffic allowed by default
Nov 29 13:11:41 jegui kernel: amd_nb: Cannot enumerate AMD northbridges
Nov 29 13:11:41 jegui kernel: Switched to clocksource kvm-clock
Nov 29 13:11:41 jegui kernel: pnp: PnP ACPI init
Nov 29 13:11:41 jegui kernel: ACPI: bus type PNP registered
Nov 29 13:11:41 jegui kernel: pnp: PnP ACPI: found 5 devices
Nov 29 13:11:41 jegui kernel: ACPI: bus type PNP unregistered
Nov 29 13:11:41 jegui kernel: NET: Registered protocol family 2
Nov 29 13:11:41 jegui kernel: TCP established hash table entries: 16384 (order: 5, 131072 bytes)
Nov 29 13:11:41 jegui kernel: TCP bind hash table entries: 16384 (order: 6, 262144 bytes)
Nov 29 13:11:41 jegui kernel: TCP: Hash tables configured (established 16384 bind 16384)
Nov 29 13:11:41 jegui kernel: TCP: reno registered
Nov 29 13:11:41 jegui kernel: UDP hash table entries: 1024 (order: 3, 32768 bytes)
Nov 29 13:11:41 jegui kernel: UDP-Lite hash table entries: 1024 (order: 3, 32768 bytes)
Nov 29 13:11:41 jegui kernel: NET: Registered protocol family 1
Nov 29 13:11:41 jegui kernel: pci 0000:00:00.0: Limiting direct PCI/PCI transfers
Nov 29 13:11:41 jegui kernel: pci 0000:00:01.0: PIIX3: Enabling Passive Release
Nov 29 13:11:41 jegui kernel: pci 0000:00:01.0: Activating ISA DMA hang workarounds
Nov 29 13:11:41 jegui kernel: ACPI: PCI Interrupt Link [LNKD] enabled at IRQ 11
Nov 29 13:11:41 jegui kernel: Unpacking initramfs...
Nov 29 13:11:41 jegui kernel: Freeing initrd memory: 42724k freed
Nov 29 13:11:41 jegui kernel: sha1_ssse3: Using AVX2 optimized SHA-1 implementation
Nov 29 13:11:41 jegui kernel: sha256_ssse3: Using AVX2 optimized SHA-256 implementation
Nov 29 13:11:41 jegui kernel: futex hash table entries: 512 (order: 3, 32768 bytes)
Nov 29 13:11:41 jegui kernel: Initialise system trusted keyring
Nov 29 13:11:41 jegui kernel: audit: initializing netlink socket (disabled)
Nov 29 13:11:41 jegui kernel: type=2000 audit(1543515101.259:1): initialized
Nov 29 13:11:41 jegui kernel: HugeTLB registered 1 GB page size, pre-allocated 0 pages
Nov 29 13:11:41 jegui kernel: HugeTLB registered 2 MB page size, pre-allocated 0 pages
Nov 29 13:11:41 jegui kernel: zpool: loaded
Nov 29 13:11:41 jegui kernel: zbud: loaded
Nov 29 13:11:41 jegui kernel: VFS: Disk quotas dquot_6.5.2
Nov 29 13:11:41 jegui kernel: Dquot-cache hash table entries: 512 (order 0, 4096 bytes)
Nov 29 13:11:41 jegui kernel: msgmni has been set to 3670
Nov 29 13:11:41 jegui kernel: Key type big_key registered
Nov 29 13:11:41 jegui kernel: NET: Registered protocol family 38
Nov 29 13:11:41 jegui kernel: Key type asymmetric registered
Nov 29 13:11:41 jegui kernel: Asymmetric key parser 'x509' registered
Nov 29 13:11:41 jegui kernel: Block layer SCSI generic (bsg) driver version 0.4 loaded (major 248)
Nov 29 13:11:41 jegui kernel: io scheduler noop registered
Nov 29 13:11:41 jegui kernel: io scheduler deadline registered (default)
Nov 29 13:11:41 jegui kernel: io scheduler cfq registered
Nov 29 13:11:41 jegui kernel: io scheduler mq-deadline registered
Nov 29 13:11:41 jegui kernel: io scheduler kyber registered
Nov 29 13:11:41 jegui kernel: pci_hotplug: PCI Hot Plug PCI Core version: 0.5
Nov 29 13:11:41 jegui kernel: pciehp: PCI Express Hot Plug Controller Driver version: 0.4
Nov 29 13:11:41 jegui kernel: shpchp: Standard Hot Plug PCI Controller Driver version: 0.4
Nov 29 13:11:41 jegui kernel: input: Power Button as /devices/LNXSYSTM:00/LNXPWRBN:00/input/input0
Nov 29 13:11:41 jegui kernel: ACPI: Power Button [PWRF]
Nov 29 13:11:41 jegui kernel: GHES: HEST is not enabled!
Nov 29 13:11:41 jegui kernel: Serial: 8250/16550 driver, 4 ports, IRQ sharing enabled
Nov 29 13:11:41 jegui kernel: 00:04: ttyS0 at I/O 0x3f8 (irq = 4) is a 16550A
Nov 29 13:11:41 jegui kernel: Non-volatile memory driver v1.3
Nov 29 13:11:41 jegui kernel: Linux agpgart interface v0.103
Nov 29 13:11:41 jegui kernel: crash memory driver: version 1.1
Nov 29 13:11:41 jegui kernel: rdac: device handler registered
Nov 29 13:11:41 jegui kernel: hp_sw: device handler registered
Nov 29 13:11:41 jegui kernel: emc: device handler registered
Nov 29 13:11:41 jegui kernel: alua: device handler registered
Nov 29 13:11:41 jegui kernel: libphy: Fixed MDIO Bus: probed
Nov 29 13:11:41 jegui kernel: ehci_hcd: USB 2.0 'Enhanced' Host Controller (EHCI) Driver
Nov 29 13:11:41 jegui kernel: ehci-pci: EHCI PCI platform driver
Nov 29 13:11:41 jegui kernel: ohci_hcd: USB 1.1 'Open' Host Controller (OHCI) Driver
Nov 29 13:11:41 jegui kernel: ohci-pci: OHCI PCI platform driver
Nov 29 13:11:41 jegui kernel: uhci_hcd: USB Universal Host Controller Interface driver
Nov 29 13:11:41 jegui kernel: uhci_hcd 0000:00:01.2: UHCI Host Controller
Nov 29 13:11:41 jegui kernel: uhci_hcd 0000:00:01.2: new USB bus registered, assigned bus number 1
Nov 29 13:11:41 jegui kernel: uhci_hcd 0000:00:01.2: detected 2 ports
Nov 29 13:11:41 jegui kernel: uhci_hcd 0000:00:01.2: irq 11, io base 0x0000c040
Nov 29 13:11:41 jegui kernel: usb usb1: New USB device found, idVendor=1d6b, idProduct=0001
Nov 29 13:11:41 jegui kernel: usb usb1: New USB device strings: Mfr=3, Product=2, SerialNumber=1
Nov 29 13:11:41 jegui kernel: usb usb1: Product: UHCI Host Controller
Nov 29 13:11:41 jegui kernel: usb usb1: Manufacturer: Linux 3.10.0-957.el7.x86_64 uhci_hcd
Nov 29 13:11:41 jegui kernel: usb usb1: SerialNumber: 0000:00:01.2
Nov 29 13:11:41 jegui kernel: hub 1-0:1.0: USB hub found
Nov 29 13:11:41 jegui kernel: hub 1-0:1.0: 2 ports detected
Nov 29 13:11:41 jegui kernel: usbcore: registered new interface driver usbserial_generic
Nov 29 13:11:41 jegui kernel: usbserial: USB Serial support registered for generic
Nov 29 13:11:41 jegui kernel: i8042: PNP: PS/2 Controller [PNP0303:KBD,PNP0f13:MOU] at 0x60,0x64 irq 1,12
Nov 29 13:11:41 jegui kernel: serio: i8042 KBD port at 0x60,0x64 irq 1
Nov 29 13:11:41 jegui kernel: serio: i8042 AUX port at 0x60,0x64 irq 12
Nov 29 13:11:41 jegui kernel: mousedev: PS/2 mouse device common for all mice
Nov 29 13:11:41 jegui kernel: input: AT Translated Set 2 keyboard as /devices/platform/i8042/serio0/input/input1
Nov 29 13:11:41 jegui kernel: rtc_cmos 00:00: RTC can wake from S4
Nov 29 13:11:41 jegui kernel: input: VirtualPS/2 VMware VMMouse as /devices/platform/i8042/serio1/input/input2
Nov 29 13:11:41 jegui kernel: input: VirtualPS/2 VMware VMMouse as /devices/platform/i8042/serio1/input/input3
Nov 29 13:11:41 jegui kernel: rtc_cmos 00:00: rtc core: registered rtc_cmos as rtc0
Nov 29 13:11:41 jegui kernel: rtc_cmos 00:00: alarms up to one day, 114 bytes nvram
Nov 29 13:11:41 jegui kernel: cpuidle: using governor menu
Nov 29 13:11:41 jegui kernel: hidraw: raw HID events driver (C) Jiri Kosina
Nov 29 13:11:41 jegui kernel: usbcore: registered new interface driver usbhid
Nov 29 13:11:41 jegui kernel: usbhid: USB HID core driver
Nov 29 13:11:41 jegui kernel: drop_monitor: Initializing network drop monitor service
Nov 29 13:11:41 jegui kernel: TCP: cubic registered
Nov 29 13:11:41 jegui kernel: Initializing XFRM netlink socket
Nov 29 13:11:41 jegui kernel: NET: Registered protocol family 10
Nov 29 13:11:41 jegui kernel: NET: Registered protocol family 17
Nov 29 13:11:41 jegui kernel: mpls_gso: MPLS GSO support
Nov 29 13:11:41 jegui kernel: Loading compiled-in X.509 certificates
Nov 29 13:11:41 jegui kernel: Loaded X.509 cert 'Red Hat Enterprise Linux Driver Update Program (key 3): bf57f3e87362bc7229d9f465321773dfd1f77a80'
Nov 29 13:11:41 jegui kernel: Loaded X.509 cert 'Red Hat Enterprise Linux kpatch signing key: 4d38fd864ebe18c5f0b72e3852e2014c3a676fc8'
Nov 29 13:11:41 jegui kernel: Loaded X.509 cert 'Red Hat Enterprise Linux kernel signing key: 7e560e30261e0bb395b8945e39a3b010e2b87465'
Nov 29 13:11:41 jegui kernel: registered taskstats version 1
Nov 29 13:11:41 jegui kernel: Key type trusted registered
Nov 29 13:11:41 jegui kernel: Key type encrypted registered
Nov 29 13:11:41 jegui kernel: IMA: No TPM chip found, activating TPM-bypass! (rc=-19)
Nov 29 13:11:41 jegui kernel:  Magic number: 10:736:191
Nov 29 13:11:41 jegui kernel: acpi device:1d: hash matches
Nov 29 13:11:41 jegui kernel: rtc_cmos 00:00: setting system clock to 2018-11-29 18:11:41 UTC (1543515101)
Nov 29 13:11:41 jegui kernel: Freeing unused kernel memory: 1876k freed
Nov 29 13:11:41 jegui kernel: Write protecting the kernel read-only data: 12288k
Nov 29 13:11:41 jegui kernel: Freeing unused kernel memory: 516k freed
Nov 29 13:11:41 jegui kernel: Freeing unused kernel memory: 600k freed
Nov 29 13:11:41 jegui kernel: random: systemd: uninitialized urandom read (16 bytes read)
Nov 29 13:11:41 jegui kernel: random: systemd: uninitialized urandom read (16 bytes read)
Nov 29 13:11:41 jegui kernel: random: systemd: uninitialized urandom read (16 bytes read)
Nov 29 13:11:41 jegui systemd[1]: systemd 219 running in system mode. (+PAM +AUDIT +SELINUX +IMA -APPARMOR +SMACK +SYSVINIT +UTMP +LIBCRYPTSETUP +GCRYPT +GNUTLS +ACL +XZ +LZ4 -SECCOMP +BLKID +ELFUTILS +KMOD +IDN)
Nov 29 13:11:41 jegui systemd[1]: Detected virtualization kvm.
Nov 29 13:11:41 jegui systemd[1]: Detected architecture x86-64.
Nov 29 13:11:41 jegui systemd[1]: Running in initial RAM disk.
Nov 29 13:11:41 jegui systemd[1]: No hostname configured.
Nov 29 13:11:41 jegui systemd[1]: Set hostname to <localhost>.
Nov 29 13:11:41 jegui systemd[1]: Initializing machine ID from KVM UUID.
Nov 29 13:11:41 jegui kernel: random: systemd: uninitialized urandom read (16 bytes read)
Nov 29 13:11:41 jegui kernel: random: systemd: uninitialized urandom read (16 bytes read)
Nov 29 13:11:41 jegui kernel: random: systemd: uninitialized urandom read (16 bytes read)
Nov 29 13:11:41 jegui kernel: random: systemd: uninitialized urandom read (16 bytes read)
Nov 29 13:11:41 jegui kernel: random: systemd: uninitialized urandom read (16 bytes read)
Nov 29 13:11:41 jegui kernel: random: systemd: uninitialized urandom read (16 bytes read)
Nov 29 13:11:41 jegui kernel: random: systemd: uninitialized urandom read (16 bytes read)
Nov 29 13:11:41 jegui systemd[1]: Reached target Swap.
Nov 29 13:11:41 jegui systemd[1]: Reached target Timers.
Nov 29 13:11:41 jegui systemd[1]: Started Dispatch Password Requests to Console Directory Watch.
Nov 29 13:11:41 jegui systemd[1]: Reached target Local File Systems.
Nov 29 13:11:41 jegui systemd[1]: Created slice Root Slice.
Nov 29 13:11:41 jegui systemd[1]: Listening on udev Control Socket.
Nov 29 13:11:41 jegui systemd[1]: Listening on Journal Socket.
Nov 29 13:11:41 jegui systemd[1]: Created slice System Slice.
Nov 29 13:11:41 jegui systemd[1]: Reached target Slices.
Nov 29 13:11:41 jegui systemd[1]: Starting Apply Kernel Variables...
Nov 29 13:11:41 jegui systemd[1]: Reached target Paths.
Nov 29 13:11:41 jegui systemd[1]: Starting Journal Service...
Nov 29 13:11:41 jegui systemd[1]: Listening on udev Kernel Socket.
Nov 29 13:11:41 jegui systemd[1]: Reached target Sockets.
Nov 29 13:11:41 jegui journal: Journal started
Nov 29 13:11:41 jegui systemd[1]: Starting Create list of required static device nodes for the current kernel...
Nov 29 13:11:41 jegui systemd[1]: Starting dracut cmdline hook...
Nov 29 13:11:41 jegui systemd[1]: Started Journal Service.
Nov 29 13:11:41 jegui systemd: Started Apply Kernel Variables.
Nov 29 13:11:41 jegui systemd: Started Create list of required static device nodes for the current kernel.
Nov 29 13:11:41 jegui systemd: Starting Create Static Device Nodes in /dev...
Nov 29 13:11:41 jegui kernel: random: fast init done
Nov 29 13:11:41 jegui systemd: Started Create Static Device Nodes in /dev.
Nov 29 13:11:41 jegui systemd: Started dracut cmdline hook.
Nov 29 13:11:41 jegui systemd: Starting dracut pre-udev hook...
Nov 29 13:11:41 jegui kernel: RPC: Registered named UNIX socket transport module.
Nov 29 13:11:41 jegui kernel: RPC: Registered udp transport module.
Nov 29 13:11:41 jegui kernel: RPC: Registered tcp transport module.
Nov 29 13:11:41 jegui kernel: RPC: Registered tcp NFSv4.1 backchannel transport module.
Nov 29 13:11:41 jegui rpc.statd[191]: Version 1.3.0 starting
Nov 29 13:11:41 jegui rpc.statd[191]: Initializing NSM state
Nov 29 13:11:41 jegui rpc.statd[191]: Running as root.  chown /var/lib/nfs/statd to choose different user
Nov 29 13:11:41 jegui systemd: Started dracut pre-udev hook.
Nov 29 13:11:41 jegui systemd: Starting udev Kernel Device Manager...
Nov 29 13:11:41 jegui systemd-udevd: starting version 219
Nov 29 13:11:41 jegui systemd-udevd: Network interface NamePolicy= disabled on kernel command line, ignoring.
Nov 29 13:11:41 jegui systemd: Started udev Kernel Device Manager.
Nov 29 13:11:41 jegui systemd: Starting dracut pre-trigger hook...
Nov 29 13:11:41 jegui systemd: Started dracut pre-trigger hook.
Nov 29 13:11:41 jegui systemd: Starting udev Coldplug all Devices...
Nov 29 13:11:41 jegui systemd-udevd: Network interface NamePolicy= disabled on kernel command line, ignoring.
Nov 29 13:11:41 jegui systemd: Started udev Coldplug all Devices.
Nov 29 13:11:41 jegui systemd: Starting dracut initqueue hook...
Nov 29 13:11:41 jegui systemd: Reached target System Initialization.
Nov 29 13:11:41 jegui systemd: Reached target Basic System.
Nov 29 13:11:41 jegui systemd: Mounting Configuration File System...
Nov 29 13:11:42 jegui systemd: Mounted Configuration File System.
Nov 29 13:11:42 jegui kernel: ACPI: PCI Interrupt Link [LNKC] enabled at IRQ 10
Nov 29 13:11:42 jegui kernel: virtio-pci 0000:00:03.0: virtio_pci: leaving for legacy driver
Nov 29 13:11:42 jegui kernel: virtio-pci 0000:00:04.0: virtio_pci: leaving for legacy driver
Nov 29 13:11:42 jegui kernel: ACPI: PCI Interrupt Link [LNKA] enabled at IRQ 10
Nov 29 13:11:42 jegui kernel: virtio-pci 0000:00:05.0: virtio_pci: leaving for legacy driver
Nov 29 13:11:42 jegui kernel: scsi host0: ata_piix
Nov 29 13:11:42 jegui kernel: scsi host1: ata_piix
Nov 29 13:11:42 jegui kernel: ata1: PATA max MWDMA2 cmd 0x1f0 ctl 0x3f6 bmdma 0xc0c0 irq 14
Nov 29 13:11:42 jegui kernel: ata2: PATA max MWDMA2 cmd 0x170 ctl 0x376 bmdma 0xc0c8 irq 15
Nov 29 13:11:42 jegui kernel: FDC 0 is a S82078B
Nov 29 13:11:42 jegui kernel: tsc: Refined TSC clocksource calibration: 2711.989 MHz
Nov 29 13:11:42 jegui kernel: ata2.00: ATAPI: QEMU DVD-ROM, 1.5.3, max UDMA/100
Nov 29 13:11:42 jegui kernel: ata2.00: configured for MWDMA2
Nov 29 13:11:42 jegui kernel: scsi 1:0:0:0: CD-ROM            QEMU     QEMU DVD-ROM     1.5. PQ: 0 ANSI: 5
Nov 29 13:11:42 jegui kernel: virtio_blk virtio1: [vda] 20971520 512-byte logical blocks (10.7 GB/10.0 GiB)
Nov 29 13:11:42 jegui kernel: vda: vda1
Nov 29 13:11:42 jegui systemd: Found device /dev/disk/by-uuid/6c248666-70f5-4037-8b24-17100c2f5c1e.
Nov 29 13:11:42 jegui systemd: Starting File System Check on /dev/disk/by-uuid/6c248666-70f5-4037-8b24-17100c2f5c1e...
Nov 29 13:11:42 jegui kernel: sr 1:0:0:0: [sr0] scsi3-mmc drive: 4x/4x cd/rw xa/form2 tray
Nov 29 13:11:42 jegui kernel: cdrom: Uniform CD-ROM driver Revision: 3.20
Nov 29 13:11:42 jegui systemd-fsck: /sbin/fsck.xfs: XFS file system.
Nov 29 13:11:42 jegui systemd: Started File System Check on /dev/disk/by-uuid/6c248666-70f5-4037-8b24-17100c2f5c1e.
Nov 29 13:11:42 jegui systemd: Started dracut initqueue hook.
Nov 29 13:11:42 jegui systemd: Mounting /sysroot...
Nov 29 13:11:42 jegui systemd: Reached target Remote File Systems (Pre).
Nov 29 13:11:42 jegui systemd: Reached target Remote File Systems.
Nov 29 13:11:42 jegui kernel: SGI XFS with ACLs, security attributes, no debug enabled
Nov 29 13:11:42 jegui kernel: XFS (vda1): Mounting V5 Filesystem
Nov 29 13:11:43 jegui kernel: XFS (vda1): Ending clean mount
Nov 29 13:11:44 jegui systemd: Mounted /sysroot.
Nov 29 13:11:44 jegui systemd: Reached target Initrd Root File System.
Nov 29 13:11:44 jegui systemd: Starting Reload Configuration from the Real Root...
Nov 29 13:11:44 jegui systemd: Reloading.
Nov 29 13:11:44 jegui systemd: Started Reload Configuration from the Real Root.
Nov 29 13:11:44 jegui systemd: Reached target Initrd File Systems.
Nov 29 13:11:44 jegui systemd: Reached target Initrd Default Target.
Nov 29 13:11:44 jegui systemd: Starting dracut pre-pivot and cleanup hook...
Nov 29 13:11:44 jegui rpcbind[187]: cannot open file = /run/rpcbind/rpcbind.xdr for writing
Nov 29 13:11:44 jegui rpcbind[187]: cannot save any registration
Nov 29 13:11:44 jegui rpcbind[187]: cannot open file = /run/rpcbind/portmap.xdr for writing
Nov 29 13:11:44 jegui rpcbind[187]: cannot save any registration
Nov 29 13:11:44 jegui systemd: Started dracut pre-pivot and cleanup hook.
Nov 29 13:11:44 jegui systemd: Starting Cleaning Up and Shutting Down Daemons...
Nov 29 13:11:44 jegui systemd: Stopped target Timers.
Nov 29 13:11:44 jegui systemd: Stopped Cleaning Up and Shutting Down Daemons.
Nov 29 13:11:44 jegui systemd: Stopped dracut pre-pivot and cleanup hook.
Nov 29 13:11:44 jegui systemd: Stopped target Remote File Systems.
Nov 29 13:11:44 jegui systemd: Stopped target Remote File Systems (Pre).
Nov 29 13:11:44 jegui systemd: Stopped dracut initqueue hook.
Nov 29 13:11:44 jegui systemd: Stopped target Initrd Default Target.
Nov 29 13:11:44 jegui systemd: Stopped target Basic System.
Nov 29 13:11:44 jegui systemd: Stopped target Slices.
Nov 29 13:11:44 jegui systemd: Stopped target Sockets.
Nov 29 13:11:44 jegui systemd: Stopped target Paths.
Nov 29 13:11:44 jegui systemd: Stopped Dispatch Password Requests to Console Directory Watch.
Nov 29 13:11:44 jegui systemd: Stopped target System Initialization.
Nov 29 13:11:44 jegui systemd: Stopped target Local File Systems.
Nov 29 13:11:44 jegui systemd: Stopped Apply Kernel Variables.
Nov 29 13:11:44 jegui systemd: Stopped udev Coldplug all Devices.
Nov 29 13:11:44 jegui systemd: Stopped dracut pre-trigger hook.
Nov 29 13:11:44 jegui systemd: Stopping udev Kernel Device Manager...
Nov 29 13:11:44 jegui systemd: Stopped target Swap.
Nov 29 13:11:44 jegui systemd: Stopped udev Kernel Device Manager.
Nov 29 13:11:44 jegui systemd: Stopped Create Static Device Nodes in /dev.
Nov 29 13:11:44 jegui systemd: Stopped Create list of required static device nodes for the current kernel.
Nov 29 13:11:44 jegui systemd: Stopped dracut pre-udev hook.
Nov 29 13:11:44 jegui systemd: Stopped dracut cmdline hook.
Nov 29 13:11:44 jegui systemd: Closed udev Control Socket.
Nov 29 13:11:44 jegui systemd: Closed udev Kernel Socket.
Nov 29 13:11:44 jegui systemd: Starting Cleanup udevd DB...
Nov 29 13:11:44 jegui systemd: Started Cleanup udevd DB.
Nov 29 13:11:44 jegui systemd: Reached target Switch Root.
Nov 29 13:11:44 jegui systemd: Starting Switch Root...
Nov 29 13:11:44 jegui systemd: Switching root.
Nov 29 13:11:44 jegui journal: Journal stopped
Nov 29 13:11:44 jegui journal: Runtime journal is using 8.0M (max allowed 91.9M, trying to leave 137.8M free of 911.0M available → current limit 91.9M).
Nov 29 13:11:44 jegui systemd-journald[92]: Received SIGTERM from PID 1 (systemd).
Nov 29 13:11:44 jegui kernel: type=1404 audit(1543515104.326:2): enforcing=1 old_enforcing=0 auid=4294967295 ses=4294967295
Nov 29 13:11:44 jegui kernel: SELinux:  Class bpf not defined in policy.
Nov 29 13:11:44 jegui kernel: SELinux: the above unknown classes and permissions will be allowed
Nov 29 13:11:44 jegui kernel: type=1403 audit(1543515104.435:3): policy loaded auid=4294967295 ses=4294967295
Nov 29 13:11:44 jegui systemd[1]: Successfully loaded SELinux policy in 116.400ms.
Nov 29 13:11:44 jegui kernel: ip_tables: (C) 2000-2006 Netfilter Core Team
Nov 29 13:11:44 jegui systemd[1]: Inserted module 'ip_tables'
Nov 29 13:11:44 jegui systemd[1]: Relabelled /dev, /run and /sys/fs/cgroup in 10.115ms.
Nov 29 13:11:44 jegui journal: Journal started
Nov 29 13:11:44 jegui systemd: systemd 219 running in system mode. (+PAM +AUDIT +SELINUX +IMA -APPARMOR +SMACK +SYSVINIT +UTMP +LIBCRYPTSETUP +GCRYPT +GNUTLS +ACL +XZ +LZ4 -SECCOMP +BLKID +ELFUTILS +KMOD +IDN)
Nov 29 13:11:44 jegui systemd: Detected virtualization kvm.
Nov 29 13:11:44 jegui systemd: Detected architecture x86-64.
Nov 29 13:11:44 jegui systemd: Set hostname to <localhost.localdomain>.
Nov 29 13:11:44 jegui systemd: Initializing machine ID from KVM UUID.
Nov 29 13:11:44 jegui systemd: Installed transient /etc/machine-id file.
Nov 29 13:11:44 jegui systemd: Started Create list of required static device nodes for the current kernel.
Nov 29 13:11:44 jegui systemd: Started Read and set NIS domainname from /etc/sysconfig/network.
Nov 29 13:11:44 jegui systemd: Started Apply Kernel Variables.
Nov 29 13:11:44 jegui systemd: Started Remount Root and Kernel File Systems.
Nov 29 13:11:44 jegui systemd: Starting Rebuild Hardware Database...
Nov 29 13:11:44 jegui systemd: Starting Configure read-only root support...
Nov 29 13:11:44 jegui systemd: Starting Create Static Device Nodes in /dev...
Nov 29 13:11:44 jegui systemd: Starting Flush Journal to Persistent Storage...
Nov 29 13:11:44 jegui systemd: Started Flush Journal to Persistent Storage.
Nov 29 13:11:44 jegui systemd: Started Create Static Device Nodes in /dev.
Nov 29 13:11:44 jegui systemd: Starting udev Kernel Device Manager...
Nov 29 13:11:44 jegui systemd: Reached target Local File Systems (Pre).
Nov 29 13:11:44 jegui systemd: Started Configure read-only root support.
Nov 29 13:11:44 jegui systemd: Starting Load/Save Random Seed...
Nov 29 13:11:44 jegui systemd: Reached target Local File Systems.
Nov 29 13:11:44 jegui systemd-udevd: starting version 219
Nov 29 13:11:44 jegui systemd-udevd: Network interface NamePolicy= disabled on kernel command line, ignoring.
Nov 29 13:11:44 jegui systemd: Starting Rebuild Journal Catalog...
Nov 29 13:11:44 jegui systemd: Starting Commit a transient machine-id on disk...
Nov 29 13:11:44 jegui systemd: Starting Preprocess NFS configuration...
Nov 29 13:11:44 jegui systemd: Starting Import network configuration from initramfs...
Nov 29 13:11:44 jegui systemd: Starting Migrate local SELinux policy changes from the old store structure to the new structure...
Nov 29 13:11:44 jegui systemd: Started udev Kernel Device Manager.
Nov 29 13:11:44 jegui systemd: Started Load/Save Random Seed.
Nov 29 13:11:44 jegui systemd: Started Rebuild Journal Catalog.
Nov 29 13:11:44 jegui systemd: Started Setup Virtual Console.
Nov 29 13:11:44 jegui systemd: Started Commit a transient machine-id on disk.
Nov 29 13:11:44 jegui systemd: Started Preprocess NFS configuration.
Nov 29 13:11:44 jegui systemd: Started Migrate local SELinux policy changes from the old store structure to the new structure.
Nov 29 13:11:45 jegui systemd: Started Import network configuration from initramfs.
Nov 29 13:11:45 jegui systemd: Starting Create Volatile Files and Directories...
Nov 29 13:11:45 jegui systemd: Started Create Volatile Files and Directories.
Nov 29 13:11:45 jegui systemd: Starting Security Auditing Service...
Nov 29 13:11:45 jegui auditd[1385]: Started dispatcher: /sbin/audispd pid: 1387
Nov 29 13:11:45 jegui kernel: type=1305 audit(1543515105.093:4): audit_pid=1385 old=0 auid=4294967295 ses=4294967295 subj=system_u:system_r:auditd_t:s0 res=1
Nov 29 13:11:45 jegui audispd: No plugins found, exiting
Nov 29 13:11:45 jegui auditd[1385]: Init complete, auditd 2.8.4 listening for events (startup state enable)
Nov 29 13:11:45 jegui systemd: Started Rebuild Hardware Database.
Nov 29 13:11:45 jegui systemd: Starting udev Coldplug all Devices...
Nov 29 13:11:45 jegui systemd: Starting Update is Completed...
Nov 29 13:11:45 jegui systemd: Started Update is Completed.
Nov 29 13:11:45 jegui systemd-udevd: Network interface NamePolicy= disabled on kernel command line, ignoring.
Nov 29 13:11:45 jegui augenrules: No rules
Nov 29 13:11:45 jegui augenrules: enabled 1
Nov 29 13:11:45 jegui augenrules: failure 1
Nov 29 13:11:45 jegui augenrules: pid 1385
Nov 29 13:11:45 jegui augenrules: rate_limit 0
Nov 29 13:11:45 jegui augenrules: backlog_limit 8192
Nov 29 13:11:45 jegui augenrules: lost 0
Nov 29 13:11:45 jegui augenrules: backlog 1
Nov 29 13:11:45 jegui augenrules: enabled 1
Nov 29 13:11:45 jegui augenrules: failure 1
Nov 29 13:11:45 jegui augenrules: pid 1385
Nov 29 13:11:45 jegui augenrules: rate_limit 0
Nov 29 13:11:45 jegui augenrules: backlog_limit 8192
Nov 29 13:11:45 jegui augenrules: lost 0
Nov 29 13:11:45 jegui augenrules: backlog 1
Nov 29 13:11:45 jegui systemd: Started Security Auditing Service.
Nov 29 13:11:45 jegui systemd: Starting Update UTMP about System Boot/Shutdown...
Nov 29 13:11:45 jegui systemd: Started Update UTMP about System Boot/Shutdown.
Nov 29 13:11:45 jegui systemd: Started udev Coldplug all Devices.
Nov 29 13:11:45 jegui systemd: Reached target System Initialization.
Nov 29 13:11:45 jegui systemd: Listening on D-Bus System Message Bus Socket.
Nov 29 13:11:45 jegui systemd: Starting Initial cloud-init job (pre-networking)...
Nov 29 13:11:45 jegui systemd: Listening on RPCbind Server Activation Socket.
Nov 29 13:11:45 jegui systemd: Reached target Sockets.
Nov 29 13:11:45 jegui systemd: Starting RPC bind service...
Nov 29 13:11:45 jegui systemd: Started Flexible branding.
Nov 29 13:11:45 jegui systemd: Reached target Paths.
Nov 29 13:11:45 jegui systemd: Reached target Basic System.
Nov 29 13:11:45 jegui systemd: Starting Authorization Manager...
Nov 29 13:11:45 jegui systemd: Started D-Bus System Message Bus.
Nov 29 13:11:45 jegui dbus-daemon: Unknown username "gdm" in message bus configuration file
Nov 29 13:11:45 jegui polkitd[1570]: Started polkitd version 0.112
Nov 29 13:11:45 jegui systemd: Starting Dump dmesg to /var/log/dmesg...
Nov 29 13:11:45 jegui systemd: Started irqbalance daemon.
Nov 29 13:11:45 jegui systemd: Starting NTP client/server...
Nov 29 13:11:45 jegui systemd: Starting Login Service...
Nov 29 13:11:45 jegui systemd: Starting GSSAPI Proxy Daemon...
Nov 29 13:11:45 jegui systemd: Started Daily Cleanup of Temporary Directories.
Nov 29 13:11:45 jegui systemd: Reached target Timers.
Nov 29 13:11:45 jegui chronyd[1748]: chronyd version 3.2 starting (+CMDMON +NTP +REFCLOCK +RTC +PRIVDROP +SCFILTER +SECHASH +SIGND +ASYNCDNS +IPV6 +DEBUG)
Nov 29 13:11:45 jegui systemd: Started RPC bind service.
Nov 29 13:11:45 jegui systemd: Started Dump dmesg to /var/log/dmesg.
Nov 29 13:11:45 jegui systemd: Started GSSAPI Proxy Daemon.
Nov 29 13:11:45 jegui systemd: Started Authorization Manager.
Nov 29 13:11:45 jegui systemd-logind: New seat seat0.
Nov 29 13:11:45 jegui kernel: piix4_smbus 0000:00:01.3: SMBus Host Controller at 0x700, revision 0
Nov 29 13:11:45 jegui systemd: Started NTP client/server.
Nov 29 13:11:45 jegui systemd: Started Login Service.
Nov 29 13:11:45 jegui systemd: Reached target NFS client services.
Nov 29 13:11:45 jegui systemd-logind: Watching system buttons on /dev/input/event0 (Power Button)
Nov 29 13:11:45 jegui systemd: Reached target Remote File Systems (Pre).
Nov 29 13:11:45 jegui systemd: Reached target Remote File Systems.
Nov 29 13:11:45 jegui kernel: sr 1:0:0:0: Attached scsi generic sg0 type 5
Nov 29 13:11:45 jegui kernel: input: PC Speaker as /devices/platform/pcspkr/input/input4
Nov 29 13:11:45 jegui kernel: ACPI: PCI Interrupt Link [LNKB] enabled at IRQ 11
Nov 29 13:11:45 jegui systemd: Found device /dev/ttyS0.
Nov 29 13:11:45 jegui kernel: [drm] Device Version 0.0
Nov 29 13:11:45 jegui kernel: [drm] Compression level 0 log level 0
Nov 29 13:11:45 jegui kernel: [drm] 12286 io pages at offset 0x1000000
Nov 29 13:11:45 jegui kernel: [drm] 16777216 byte draw area at offset 0x0
Nov 29 13:11:45 jegui kernel: [drm] RAM header offset: 0x3ffe000
Nov 29 13:11:45 jegui kernel: cryptd: max_cpu_qlen set to 1000
Nov 29 13:11:46 jegui kernel: AVX2 version of gcm_enc/dec engaged.
Nov 29 13:11:46 jegui kernel: AES CTR mode by8 optimization enabled
Nov 29 13:11:46 jegui kernel: [TTM] Zone  kernel: Available graphics memory: 941094 kiB
Nov 29 13:11:46 jegui kernel: [TTM] Initializing pool allocator
Nov 29 13:11:46 jegui kernel: [TTM] Initializing DMA pool allocator
Nov 29 13:11:46 jegui kernel: [drm] qxl: 16M of VRAM memory size
Nov 29 13:11:46 jegui kernel: [drm] qxl: 63M of IO pages memory ready (VRAM domain)
Nov 29 13:11:46 jegui kernel: [drm] qxl: 64M of Surface memory size
Nov 29 13:11:46 jegui kernel: alg: No test for __gcm-aes-aesni (__driver-gcm-aes-aesni)
Nov 29 13:11:46 jegui kernel: [drm] main mem slot 1 [f4000000,3ffe000]
Nov 29 13:11:46 jegui kernel: [drm] surface mem slot 2 [f8000000,4000000]
Nov 29 13:11:46 jegui kernel: [drm] fb mappable at 0xF4000000, size 3145728
Nov 29 13:11:46 jegui kernel: [drm] fb: depth 24, pitch 4096, width 1024, height 768
Nov 29 13:11:46 jegui kernel: alg: No test for __generic-gcm-aes-aesni (__driver-generic-gcm-aes-aesni)
Nov 29 13:11:46 jegui kernel: fbcon: qxldrmfb (fb0) is primary device
Nov 29 13:11:46 jegui kernel: Console: switching to colour frame buffer device 128x48
Nov 29 13:11:46 jegui kernel: qxl 0000:00:02.0: fb0: qxldrmfb frame buffer device
Nov 29 13:11:46 jegui kernel: [drm] Initialized qxl 0.1.0 20120117 for 0000:00:02.0 on minor 0
Nov 29 13:11:46 jegui kernel: ppdev: user-space parallel port driver
Nov 29 13:11:46 jegui cloud-init: Cloud-init v. 18.2 running 'init-local' at Thu, 29 Nov 2018 18:11:46 +0000. Up 5.86 seconds.
Nov 29 13:11:46 jegui systemd: Started Initial cloud-init job (pre-networking).
Nov 29 13:11:46 jegui systemd: Reached target Network (Pre).
Nov 29 13:11:46 jegui systemd: Starting Network Manager...
Nov 29 13:11:46 jegui NetworkManager[2620]: <info>  [1543515106.7613] NetworkManager (version 1.12.0-6.el7) is starting... (for the first time)
Nov 29 13:11:46 jegui NetworkManager[2620]: <info>  [1543515106.7618] Read config: /etc/NetworkManager/NetworkManager.conf (lib: 00-server.conf, 10-slaves-order.conf)
Nov 29 13:11:46 jegui systemd: Started Network Manager.
Nov 29 13:11:46 jegui NetworkManager[2620]: <info>  [1543515106.7709] bus-manager: acquired D-Bus service "org.freedesktop.NetworkManager"
Nov 29 13:11:46 jegui NetworkManager[2620]: <info>  [1543515106.7736] manager[0x5629bc9b40b0]: monitoring kernel firmware directory '/lib/firmware'.
Nov 29 13:11:46 jegui systemd: Starting Network Manager Wait Online...
Nov 29 13:11:46 jegui dbus[1571]: [system] Activating via systemd: service name='org.freedesktop.hostname1' unit='dbus-org.freedesktop.hostname1.service'
Nov 29 13:11:46 jegui systemd: Starting Hostname Service...
Nov 29 13:11:46 jegui dbus[1571]: [system] Successfully activated service 'org.freedesktop.hostname1'
Nov 29 13:11:46 jegui NetworkManager[2620]: <info>  [1543515106.8041] hostname: hostname: using hostnamed
Nov 29 13:11:46 jegui NetworkManager[2620]: <info>  [1543515106.8041] hostname: hostname changed from (none) to "localhost.localdomain"
Nov 29 13:11:46 jegui NetworkManager[2620]: <info>  [1543515106.8043] dns-mgr[0x5629bc9bd100]: init: dns=default, rc-manager=file
Nov 29 13:11:46 jegui dbus[1571]: [system] Activating via systemd: service name='org.freedesktop.nm_dispatcher' unit='dbus-org.freedesktop.nm-dispatcher.service'
Nov 29 13:11:46 jegui systemd: Started Hostname Service.
Nov 29 13:11:46 jegui systemd: Starting Network Manager Script Dispatcher Service...
Nov 29 13:11:46 jegui dbus[1571]: [system] Successfully activated service 'org.freedesktop.nm_dispatcher'
Nov 29 13:11:46 jegui systemd: Started Network Manager Script Dispatcher Service.
Nov 29 13:11:46 jegui NetworkManager[2620]: <info>  [1543515106.8343] settings: Loaded settings plugin: SettingsPluginIfcfg (/usr/lib64/NetworkManager/1.12.0-6.el7/libnm-settings-plugin-ifcfg-rh.so)
Nov 29 13:11:46 jegui NetworkManager[2620]: <info>  [1543515106.8354] settings: Loaded settings plugin: NMSIbftPlugin (/usr/lib64/NetworkManager/1.12.0-6.el7/libnm-settings-plugin-ibft.so)
Nov 29 13:11:46 jegui NetworkManager[2620]: <info>  [1543515106.8354] settings: Loaded settings plugin: NMSKeyfilePlugin (internal)
Nov 29 13:11:46 jegui NetworkManager[2620]: <info>  [1543515106.8365] ifcfg-rh: new connection /etc/sysconfig/network-scripts/ifcfg-eth0 (5fb06bd0-0bb0-7ffb-45f1-d6edd65f3e03,"System eth0")
Nov 29 13:11:46 jegui NetworkManager[2620]: <info>  [1543515106.8383] manager: rfkill: WiFi enabled by radio killswitch; enabled by state file
Nov 29 13:11:46 jegui NetworkManager[2620]: <info>  [1543515106.8384] manager: rfkill: WWAN enabled by radio killswitch; enabled by state file
Nov 29 13:11:46 jegui NetworkManager[2620]: <info>  [1543515106.8386] manager: Networking is enabled by state file
Nov 29 13:11:46 jegui NetworkManager[2620]: <info>  [1543515106.8392] dhcp-init: Using DHCP client 'dhclient'
Nov 29 13:11:46 jegui nm-dispatcher: req:1 'hostname': new request (4 scripts)
Nov 29 13:11:46 jegui nm-dispatcher: req:1 'hostname': start running ordered scripts...
Nov 29 13:11:46 jegui NetworkManager[2620]: <info>  [1543515106.8446] Loaded device plugin: NMTeamFactory (/usr/lib64/NetworkManager/1.12.0-6.el7/libnm-device-plugin-team.so)
Nov 29 13:11:46 jegui NetworkManager[2620]: <info>  [1543515106.8466] device (lo): carrier: link connected
Nov 29 13:11:46 jegui NetworkManager[2620]: <info>  [1543515106.8468] manager: (lo): new Generic device (/org/freedesktop/NetworkManager/Devices/1)
Nov 29 13:11:46 jegui NetworkManager[2620]: <info>  [1543515106.8484] manager: (eth0): new Ethernet device (/org/freedesktop/NetworkManager/Devices/2)
Nov 29 13:11:46 jegui NetworkManager[2620]: <info>  [1543515106.8503] device (eth0): state change: unmanaged -> unavailable (reason 'managed', sys-iface-state: 'external')
Nov 29 13:11:46 jegui kernel: IPv6: ADDRCONF(NETDEV_UP): eth0: link is not ready
Nov 29 13:11:46 jegui NetworkManager[2620]: <info>  [1543515106.8528] device (eth0): carrier: link connected
Nov 29 13:11:46 jegui nm-dispatcher: req:2 'connectivity-change': new request (4 scripts)
Nov 29 13:11:46 jegui NetworkManager[2620]: <info>  [1543515106.8662] device (eth0): state change: unavailable -> disconnected (reason 'none', sys-iface-state: 'managed')
Nov 29 13:11:46 jegui NetworkManager[2620]: <info>  [1543515106.8684] policy: auto-activating connection 'System eth0' (5fb06bd0-0bb0-7ffb-45f1-d6edd65f3e03)
Nov 29 13:11:46 jegui NetworkManager[2620]: <info>  [1543515106.8730] device (eth0): Activation: starting connection 'System eth0' (5fb06bd0-0bb0-7ffb-45f1-d6edd65f3e03)
Nov 29 13:11:46 jegui NetworkManager[2620]: <info>  [1543515106.8733] device (eth0): state change: disconnected -> prepare (reason 'none', sys-iface-state: 'managed')
Nov 29 13:11:46 jegui NetworkManager[2620]: <info>  [1543515106.8737] manager: NetworkManager state is now CONNECTING
Nov 29 13:11:46 jegui NetworkManager[2620]: <info>  [1543515106.8741] device (eth0): state change: prepare -> config (reason 'none', sys-iface-state: 'managed')
Nov 29 13:11:46 jegui NetworkManager[2620]: <info>  [1543515106.8746] device (eth0): state change: config -> ip-config (reason 'none', sys-iface-state: 'managed')
Nov 29 13:11:46 jegui NetworkManager[2620]: <info>  [1543515106.8753] dhcp4 (eth0): activation: beginning transaction (timeout in 45 seconds)
Nov 29 13:11:46 jegui NetworkManager[2620]: <info>  [1543515106.8789] dhcp4 (eth0): dhclient started with pid 2640
Nov 29 13:11:46 jegui nm-dispatcher: req:2 'connectivity-change': start running ordered scripts...
Nov 29 13:11:46 jegui dhclient[2640]: DHCPDISCOVER on eth0 to 255.255.255.255 port 67 interval 7 (xid=0xb38c6f8)
Nov 29 13:11:46 jegui dhclient[2640]: DHCPREQUEST on eth0 to 255.255.255.255 port 67 (xid=0xb38c6f8)
Nov 29 13:11:46 jegui dhclient[2640]: DHCPOFFER from 172.25.254.250
Nov 29 13:11:46 jegui dhclient[2640]: DHCPACK from 172.25.254.250 (xid=0xb38c6f8)
Nov 29 13:11:46 jegui NetworkManager[2620]: <info>  [1543515106.9427] dhcp4 (eth0):   address 172.25.254.252
Nov 29 13:11:46 jegui NetworkManager[2620]: <info>  [1543515106.9427] dhcp4 (eth0):   plen 24 (255.255.255.0)
Nov 29 13:11:46 jegui NetworkManager[2620]: <info>  [1543515106.9427] dhcp4 (eth0):   gateway 172.25.254.254
Nov 29 13:11:46 jegui NetworkManager[2620]: <info>  [1543515106.9427] dhcp4 (eth0):   lease time 21600
Nov 29 13:11:46 jegui NetworkManager[2620]: <info>  [1543515106.9427] dhcp4 (eth0):   nameserver '172.25.254.250'
Nov 29 13:11:46 jegui NetworkManager[2620]: <info>  [1543515106.9427] dhcp4 (eth0):   domain name 'ilt.example.com'
Nov 29 13:11:46 jegui NetworkManager[2620]: <info>  [1543515106.9427] dhcp4 (eth0):   domain name 'example.com'
Nov 29 13:11:46 jegui NetworkManager[2620]: <info>  [1543515106.9427] dhcp4 (eth0): state changed unknown -> bound
Nov 29 13:11:46 jegui NetworkManager[2620]: <info>  [1543515106.9435] device (eth0): state change: ip-config -> ip-check (reason 'none', sys-iface-state: 'managed')
Nov 29 13:11:46 jegui NetworkManager[2620]: <info>  [1543515106.9440] device (eth0): state change: ip-check -> secondaries (reason 'none', sys-iface-state: 'managed')
Nov 29 13:11:46 jegui NetworkManager[2620]: <info>  [1543515106.9441] device (eth0): state change: secondaries -> activated (reason 'none', sys-iface-state: 'managed')
Nov 29 13:11:46 jegui NetworkManager[2620]: <info>  [1543515106.9442] manager: NetworkManager state is now CONNECTED_LOCAL
Nov 29 13:11:46 jegui NetworkManager[2620]: <info>  [1543515106.9447] manager: NetworkManager state is now CONNECTED_SITE
Nov 29 13:11:46 jegui NetworkManager[2620]: <info>  [1543515106.9447] policy: set 'System eth0' (eth0) as default for IPv4 routing and DNS
Nov 29 13:11:46 jegui dhclient[2640]: bound to 172.25.254.252 -- renewal in 10436 seconds.
Nov 29 13:11:46 jegui NetworkManager[2620]: <info>  [1543515106.9646] device (eth0): Activation: successful, device activated.
Nov 29 13:11:46 jegui NetworkManager[2620]: <info>  [1543515106.9654] manager: NetworkManager state is now CONNECTED_GLOBAL
Nov 29 13:11:46 jegui NetworkManager[2620]: <info>  [1543515106.9656] manager: startup complete
Nov 29 13:11:46 jegui nm-dispatcher: req:3 'up' [eth0]: new request (4 scripts)
Nov 29 13:11:46 jegui nm-dispatcher: req:3 'up' [eth0]: start running ordered scripts...
Nov 29 13:11:46 jegui nm-dispatcher: req:4 'connectivity-change': new request (4 scripts)
Nov 29 13:11:46 jegui systemd: Started Network Manager Wait Online.
Nov 29 13:11:46 jegui systemd: Starting LSB: Bring up/down networking...
Nov 29 13:11:46 jegui NetworkManager[2620]: <info>  [1543515106.9764] policy: set-hostname: set hostname to 'jegui.ilt.example.com' (from address lookup)
Nov 29 13:11:46 jegui systemd-hostnamed: Changed host name to 'jegui.ilt.example.com'
Nov 29 13:11:46 jegui nm-dispatcher: req:5 'hostname': new request (4 scripts)
Nov 29 13:11:47 jegui nm-dispatcher: req:4 'connectivity-change': start running ordered scripts...
Nov 29 13:11:47 jegui nm-dispatcher: req:5 'hostname': start running ordered scripts...
Nov 29 13:11:47 jegui network: Bringing up loopback interface:  [  OK  ]
Nov 29 13:11:47 jegui network: Bringing up interface eth0:  [  OK  ]
Nov 29 13:11:47 jegui systemd: Started LSB: Bring up/down networking.
Nov 29 13:11:47 jegui systemd: Reached target Network.
Nov 29 13:11:47 jegui systemd: Starting Dynamic System Tuning Daemon...
Nov 29 13:11:47 jegui systemd: Starting Postfix Mail Transport Agent...
Nov 29 13:11:47 jegui systemd: Starting Initial cloud-init job (metadata service crawler)...
Nov 29 13:11:47 jegui kernel: random: crng init done
Nov 29 13:11:47 jegui cloud-init: Cloud-init v. 18.2 running 'init' at Thu, 29 Nov 2018 18:11:47 +0000. Up 6.88 seconds.
Nov 29 13:11:47 jegui cloud-init: ci-info: +++++++++++++++++++++++++++++++Net device info++++++++++++++++++++++++++++++++
Nov 29 13:11:47 jegui cloud-init: ci-info: +--------+------+----------------+---------------+-------+-------------------+
Nov 29 13:11:47 jegui cloud-init: ci-info: | Device |  Up  |    Address     |      Mask     | Scope |     Hw-Address    |
Nov 29 13:11:47 jegui cloud-init: ci-info: +--------+------+----------------+---------------+-------+-------------------+
Nov 29 13:11:47 jegui cloud-init: ci-info: | eth0:  | True | 172.25.254.252 | 255.255.255.0 |   .   | 52:54:00:00:fe:fc |
Nov 29 13:11:47 jegui cloud-init: ci-info: | eth0:  | True |       .        |       .       |   d   | 52:54:00:00:fe:fc |
Nov 29 13:11:47 jegui cloud-init: ci-info: |  lo:   | True |   127.0.0.1    |   255.0.0.0   |   .   |         .         |
Nov 29 13:11:47 jegui cloud-init: ci-info: |  lo:   | True |       .        |       .       |   d   |         .         |
Nov 29 13:11:47 jegui cloud-init: ci-info: +--------+------+----------------+---------------+-------+-------------------+
Nov 29 13:11:47 jegui cloud-init: ci-info: +++++++++++++++++++++++++++++++Route IPv4 info+++++++++++++++++++++++++++++++
Nov 29 13:11:47 jegui cloud-init: ci-info: +-------+--------------+----------------+---------------+-----------+-------+
Nov 29 13:11:47 jegui cloud-init: ci-info: | Route | Destination  |    Gateway     |    Genmask    | Interface | Flags |
Nov 29 13:11:47 jegui cloud-init: ci-info: +-------+--------------+----------------+---------------+-----------+-------+
Nov 29 13:11:47 jegui cloud-init: ci-info: |   0   |   0.0.0.0    | 172.25.254.254 |    0.0.0.0    |    eth0   |   UG  |
Nov 29 13:11:47 jegui cloud-init: ci-info: |   1   | 172.25.254.0 |    0.0.0.0     | 255.255.255.0 |    eth0   |   U   |
Nov 29 13:11:47 jegui cloud-init: ci-info: +-------+--------------+----------------+---------------+-----------+-------+
Nov 29 13:11:47 jegui systemd: Started Dynamic System Tuning Daemon.
Nov 29 13:11:47 jegui cloud-init: cat: /rmp/rht-release: No such file or directory
Nov 29 13:11:47 jegui systemd: Started Postfix Mail Transport Agent.
Nov 29 13:11:48 jegui systemd-udevd: Network interface NamePolicy= disabled on kernel command line, ignoring.
Nov 29 13:11:48 jegui systemd-hostnamed: Changed static host name to 'jegui.ilt.example.com'
Nov 29 13:11:48 jegui NetworkManager[2620]: <info>  [1543515108.4342] hostname: hostname changed from "localhost.localdomain" to "jegui.ilt.example.com"
Nov 29 13:11:48 jegui nm-dispatcher: req:6 'hostname': new request (4 scripts)
Nov 29 13:11:48 jegui nm-dispatcher: req:6 'hostname': start running ordered scripts...
Nov 29 13:11:48 jegui systemd: Started Initial cloud-init job (metadata service crawler).
Nov 29 13:11:48 jegui systemd: Reached target Cloud-config availability.
Nov 29 13:11:48 jegui systemd: Reached target Network is Online.
Nov 29 13:11:48 jegui systemd: Starting Crash recovery kernel arming...
Nov 29 13:11:48 jegui systemd: Starting LSB: Starts the Spacewalk Daemon...
Nov 29 13:11:48 jegui systemd: Starting System Logging Service...
Nov 29 13:11:48 jegui systemd: Starting Notify NFS peers of a restart...
Nov 29 13:11:48 jegui systemd: Starting Apply the settings specified in cloud-config...
Nov 29 13:11:48 jegui systemd: Starting OpenSSH Server Key Generation...
Nov 29 13:11:48 jegui systemd: Starting Permit User Sessions...
Nov 29 13:11:48 jegui sm-notify[3092]: Version 1.3.0 starting
Nov 29 13:11:48 jegui systemd: Started Notify NFS peers of a restart.
Nov 29 13:11:48 jegui systemd: Started Permit User Sessions.
Nov 29 13:11:48 jegui systemd: Started Getty on tty1.
Nov 29 13:11:48 jegui systemd: Started Serial Getty on ttyS0.
Nov 29 13:11:48 jegui systemd: Reached target Login Prompts.
Nov 29 13:11:48 jegui systemd: Started Command Scheduler.
Nov 29 13:11:48 jegui rsyslogd: [origin software="rsyslogd" swVersion="8.24.0-34.el7" x-pid="3091" x-info="http://www.rsyslog.com"] start
Nov 29 13:11:48 jegui systemd: Started System Logging Service.
Nov 29 13:11:48 jegui rhnsd: Starting Spacewalk Daemon: [  OK  ]
Nov 29 13:11:48 jegui systemd: PID file /var/run/rhnsd.pid not readable (yet?) after start.
Nov 29 13:11:48 jegui rhnsd[3125]: Spacewalk Services Daemon starting up, check in interval 240 minutes.
Nov 29 13:11:48 jegui systemd: Started LSB: Starts the Spacewalk Daemon.
Nov 29 13:11:48 jegui sshd-keygen: Generating SSH2 RSA host key: [  OK  ]
Nov 29 13:11:48 jegui cloud-init: Cloud-init v. 18.2 running 'modules:config' at Thu, 29 Nov 2018 18:11:48 +0000. Up 8.22 seconds.
Nov 29 13:11:48 jegui sshd-keygen: Generating SSH2 ECDSA host key: [  OK  ]
Nov 29 13:11:48 jegui sshd-keygen: Generating SSH2 ED25519 host key: [  OK  ]
Nov 29 13:11:48 jegui systemd: Started OpenSSH Server Key Generation.
Nov 29 13:11:48 jegui systemd: Starting OpenSSH server daemon...
Nov 29 13:11:48 jegui systemd: Started OpenSSH server daemon.
Nov 29 13:11:48 jegui kdumpctl: No kdump initial ramdisk found.
Nov 29 13:11:48 jegui kdumpctl: Rebuilding /boot/initramfs-3.10.0-957.el7.x86_64kdump.img
Nov 29 13:11:49 jegui systemd: Stopping OpenSSH server daemon...
Nov 29 13:11:49 jegui systemd: Stopped OpenSSH server daemon.
Nov 29 13:11:49 jegui systemd: Stopped OpenSSH Server Key Generation.
Nov 29 13:11:49 jegui systemd: Stopping OpenSSH Server Key Generation...
Nov 29 13:11:49 jegui systemd: Starting OpenSSH server daemon...
Nov 29 13:11:49 jegui systemd: Started OpenSSH server daemon.
Nov 29 13:11:49 jegui cloud-init: Loaded plugins: search-disabled-repos
Nov 29 13:11:50 jegui dracut: dracut-033-554.el7
Nov 29 13:11:50 jegui dracut: Executing: /usr/sbin/dracut --hostonly --hostonly-cmdline --hostonly-i18n --hostonly-mode strict -o "plymouth dash resume ifcfg" --mount "/dev/disk/by-uuid/6c248666-70f5-4037-8b24-17100c2f5c1e /sysroot xfs defaults" --no-hostonly-default-device -f /boot/initramfs-3.10.0-957.el7.x86_64kdump.img 3.10.0-957.el7.x86_64
Nov 29 13:11:50 jegui dracut: dracut module 'busybox' will not be installed, because command 'busybox' could not be found!
Nov 29 13:11:50 jegui dracut: dracut module 'ifcfg' will not be installed, because it's in the list to be omitted!
Nov 29 13:11:50 jegui dracut: dracut module 'plymouth' will not be installed, because it's in the list to be omitted!
Nov 29 13:11:50 jegui dracut: dracut module 'crypt' will not be installed, because command 'cryptsetup' could not be found!
Nov 29 13:11:50 jegui dracut: dracut module 'dmraid' will not be installed, because command 'dmraid' could not be found!
Nov 29 13:11:50 jegui dracut: dracut module 'dmsquash-live-ntfs' will not be installed, because command 'ntfs-3g' could not be found!
Nov 29 13:11:50 jegui dracut: dracut module 'lvm' will not be installed, because command 'lvm' could not be found!
Nov 29 13:11:50 jegui dracut: dracut module 'mdraid' will not be installed, because command 'mdadm' could not be found!
Nov 29 13:11:50 jegui dracut: dracut module 'multipath' will not be installed, because command 'multipath' could not be found!
Nov 29 13:11:50 jegui dracut: dracut module 'cifs' will not be installed, because command 'mount.cifs' could not be found!
Nov 29 13:11:50 jegui dracut: dracut module 'iscsi' will not be installed, because command 'iscsistart' could not be found!
Nov 29 13:11:50 jegui dracut: dracut module 'iscsi' will not be installed, because command 'iscsi-iname' could not be found!
Nov 29 13:11:50 jegui dracut: dracut module 'resume' will not be installed, because it's in the list to be omitted!
Nov 29 13:11:50 jegui dracut: dracut module 'biosdevname' will not be installed, because command 'biosdevname' could not be found!
Nov 29 13:11:50 jegui cloud-init: Metadata Cache Created
Nov 29 13:11:50 jegui dracut: dracut module 'busybox' will not be installed, because command 'busybox' could not be found!
Nov 29 13:11:50 jegui dracut: dracut module 'crypt' will not be installed, because command 'cryptsetup' could not be found!
Nov 29 13:11:50 jegui dracut: dracut module 'dmraid' will not be installed, because command 'dmraid' could not be found!
Nov 29 13:11:50 jegui dracut: dracut module 'dmsquash-live-ntfs' will not be installed, because command 'ntfs-3g' could not be found!
Nov 29 13:11:50 jegui dracut: dracut module 'lvm' will not be installed, because command 'lvm' could not be found!
Nov 29 13:11:50 jegui dracut: dracut module 'mdraid' will not be installed, because command 'mdadm' could not be found!
Nov 29 13:11:50 jegui dracut: dracut module 'multipath' will not be installed, because command 'multipath' could not be found!
Nov 29 13:11:50 jegui dracut: dracut module 'cifs' will not be installed, because command 'mount.cifs' could not be found!
Nov 29 13:11:50 jegui dracut: dracut module 'iscsi' will not be installed, because command 'iscsistart' could not be found!
Nov 29 13:11:50 jegui dracut: dracut module 'iscsi' will not be installed, because command 'iscsi-iname' could not be found!
Nov 29 13:11:50 jegui cloud-init: Loaded plugins: search-disabled-repos
Nov 29 13:11:50 jegui dracut: *** Including module: bash ***
Nov 29 13:11:50 jegui dracut: *** Including module: nss-softokn ***
Nov 29 13:11:50 jegui dracut: *** Including module: i18n ***
Nov 29 13:11:51 jegui cloud-init: Resolving Dependencies
Nov 29 13:11:51 jegui cloud-init: --> Running transaction check
Nov 29 13:11:51 jegui cloud-init: ---> Package abrt-addon-ccpp.x86_64 0:2.1.11-52.el7 will be installed
Nov 29 13:11:51 jegui cloud-init: --> Processing Dependency: abrt = 2.1.11-52.el7 for package: abrt-addon-ccpp-2.1.11-52.el7.x86_64
Nov 29 13:11:51 jegui dracut: *** Including module: drm ***
Nov 29 13:11:51 jegui cloud-init: --> Processing Dependency: abrt-libs = 2.1.11-52.el7 for package: abrt-addon-ccpp-2.1.11-52.el7.x86_64
Nov 29 13:11:51 jegui cloud-init: --> Processing Dependency: gdb >= 7.6.1-63 for package: abrt-addon-ccpp-2.1.11-52.el7.x86_64
Nov 29 13:11:51 jegui cloud-init: --> Processing Dependency: elfutils for package: abrt-addon-ccpp-2.1.11-52.el7.x86_64
Nov 29 13:11:51 jegui cloud-init: --> Processing Dependency: libreport-python for package: abrt-addon-ccpp-2.1.11-52.el7.x86_64
Nov 29 13:11:51 jegui cloud-init: --> Processing Dependency: libabrt.so.0()(64bit) for package: abrt-addon-ccpp-2.1.11-52.el7.x86_64
Nov 29 13:11:51 jegui cloud-init: --> Processing Dependency: libreport.so.0()(64bit) for package: abrt-addon-ccpp-2.1.11-52.el7.x86_64
Nov 29 13:11:51 jegui cloud-init: --> Processing Dependency: libsatyr.so.3()(64bit) for package: abrt-addon-ccpp-2.1.11-52.el7.x86_64
Nov 29 13:11:51 jegui cloud-init: ---> Package abrt-addon-python.x86_64 0:2.1.11-52.el7 will be installed
Nov 29 13:11:51 jegui cloud-init: --> Processing Dependency: abrt-python for package: abrt-addon-python-2.1.11-52.el7.x86_64
Nov 29 13:11:51 jegui cloud-init: --> Processing Dependency: systemd-python for package: abrt-addon-python-2.1.11-52.el7.x86_64
Nov 29 13:11:51 jegui cloud-init: ---> Package abrt-cli.x86_64 0:2.1.11-52.el7 will be installed
Nov 29 13:11:51 jegui cloud-init: --> Processing Dependency: libreport-rhel >= 2.1.11-36 for package: abrt-cli-2.1.11-52.el7.x86_64
Nov 29 13:11:51 jegui cloud-init: --> Processing Dependency: libreport-plugin-rhtsupport >= 2.1.11-36 for package: abrt-cli-2.1.11-52.el7.x86_64
Nov 29 13:11:51 jegui cloud-init: --> Processing Dependency: abrt-tui for package: abrt-cli-2.1.11-52.el7.x86_64
Nov 29 13:11:51 jegui cloud-init: --> Processing Dependency: abrt-addon-kerneloops for package: abrt-cli-2.1.11-52.el7.x86_64
Nov 29 13:11:51 jegui cloud-init: --> Processing Dependency: abrt-addon-pstoreoops for package: abrt-cli-2.1.11-52.el7.x86_64
Nov 29 13:11:51 jegui cloud-init: --> Processing Dependency: abrt-addon-vmcore for package: abrt-cli-2.1.11-52.el7.x86_64
Nov 29 13:11:51 jegui cloud-init: --> Processing Dependency: abrt-addon-xorg for package: abrt-cli-2.1.11-52.el7.x86_64
Nov 29 13:11:51 jegui cloud-init: ---> Package abrt-console-notification.x86_64 0:2.1.11-52.el7 will be installed
Nov 29 13:11:51 jegui cloud-init: ---> Package at.x86_64 0:3.1.13-24.el7 will be installed
Nov 29 13:11:51 jegui cloud-init: ---> Package attr.x86_64 0:2.4.46-13.el7 will be installed
Nov 29 13:11:51 jegui cloud-init: ---> Package bash-completion.noarch 1:2.1-6.el7 will be installed
Nov 29 13:11:51 jegui cloud-init: ---> Package bc.x86_64 0:1.06.95-13.el7 will be installed
Nov 29 13:11:51 jegui cloud-init: ---> Package bind-utils.x86_64 32:9.9.4-72.el7 will be installed
Nov 29 13:11:51 jegui cloud-init: --> Processing Dependency: bind-libs = 32:9.9.4-72.el7 for package: 32:bind-utils-9.9.4-72.el7.x86_64
Nov 29 13:11:51 jegui cloud-init: --> Processing Dependency: libbind9.so.90()(64bit) for package: 32:bind-utils-9.9.4-72.el7.x86_64
Nov 29 13:11:51 jegui cloud-init: --> Processing Dependency: libdns.so.100()(64bit) for package: 32:bind-utils-9.9.4-72.el7.x86_64
Nov 29 13:11:51 jegui cloud-init: --> Processing Dependency: libisc.so.95()(64bit) for package: 32:bind-utils-9.9.4-72.el7.x86_64
Nov 29 13:11:51 jegui cloud-init: --> Processing Dependency: libisccc.so.90()(64bit) for package: 32:bind-utils-9.9.4-72.el7.x86_64
Nov 29 13:11:51 jegui cloud-init: --> Processing Dependency: libisccfg.so.90()(64bit) for package: 32:bind-utils-9.9.4-72.el7.x86_64
Nov 29 13:11:51 jegui cloud-init: --> Processing Dependency: liblwres.so.90()(64bit) for package: 32:bind-utils-9.9.4-72.el7.x86_64
Nov 29 13:11:51 jegui cloud-init: ---> Package blktrace.x86_64 0:1.0.5-8.el7 will be installed
Nov 29 13:11:51 jegui cloud-init: ---> Package bpftool.x86_64 0:3.10.0-957.el7 will be installed
Nov 29 13:11:51 jegui cloud-init: ---> Package bridge-utils.x86_64 0:1.5-9.el7 will be installed
Nov 29 13:11:51 jegui cloud-init: ---> Package crda.x86_64 0:3.18_2018.05.31-4.el7 will be installed
Nov 29 13:11:51 jegui cloud-init: --> Processing Dependency: iw for package: crda-3.18_2018.05.31-4.el7.x86_64
Nov 29 13:11:51 jegui cloud-init: ---> Package cryptsetup.x86_64 0:2.0.3-3.el7 will be installed
Nov 29 13:11:51 jegui cloud-init: ---> Package cyrus-sasl-plain.x86_64 0:2.1.26-23.el7 will be installed
Nov 29 13:11:51 jegui cloud-init: ---> Package dmraid.x86_64 0:1.0.0.rc16-28.el7 will be installed
Nov 29 13:11:51 jegui cloud-init: --> Processing Dependency: dmraid-events for package: dmraid-1.0.0.rc16-28.el7.x86_64
Nov 29 13:11:51 jegui cloud-init: --> Processing Dependency: libdevmapper-event.so.1.02(Base)(64bit) for package: dmraid-1.0.0.rc16-28.el7.x86_64
Nov 29 13:11:51 jegui cloud-init: --> Processing Dependency: libdevmapper-event.so.1.02()(64bit) for package: dmraid-1.0.0.rc16-28.el7.x86_64
Nov 29 13:11:51 jegui cloud-init: ---> Package dosfstools.x86_64 0:3.0.20-10.el7 will be installed
Nov 29 13:11:51 jegui cloud-init: ---> Package ed.x86_64 0:1.9-4.el7 will be installed
Nov 29 13:11:51 jegui cloud-init: ---> Package expect.x86_64 0:5.45-14.el7_1 will be installed
Nov 29 13:11:51 jegui cloud-init: --> Processing Dependency: libtcl8.5.so()(64bit) for package: expect-5.45-14.el7_1.x86_64
Nov 29 13:11:51 jegui cloud-init: ---> Package firewalld.noarch 0:0.5.3-5.el7 will be installed
Nov 29 13:11:51 jegui cloud-init: --> Processing Dependency: firewalld-filesystem = 0.5.3-5.el7 for package: firewalld-0.5.3-5.el7.noarch
Nov 29 13:11:51 jegui cloud-init: --> Processing Dependency: python-firewall = 0.5.3-5.el7 for package: firewalld-0.5.3-5.el7.noarch
Nov 29 13:11:51 jegui cloud-init: --> Processing Dependency: ebtables for package: firewalld-0.5.3-5.el7.noarch
Nov 29 13:11:51 jegui cloud-init: --> Processing Dependency: ipset for package: firewalld-0.5.3-5.el7.noarch
Nov 29 13:11:51 jegui cloud-init: ---> Package fprintd-pam.x86_64 0:0.8.1-2.el7 will be installed
Nov 29 13:11:51 jegui cloud-init: --> Processing Dependency: fprintd = 0.8.1-2.el7 for package: fprintd-pam-0.8.1-2.el7.x86_64
Nov 29 13:11:51 jegui cloud-init: ---> Package gpm.x86_64 0:1.20.7-5.el7 will be installed
Nov 29 13:11:51 jegui cloud-init: --> Processing Dependency: gpm-libs = 1.20.7-5.el7 for package: gpm-1.20.7-5.el7.x86_64
Nov 29 13:11:51 jegui cloud-init: --> Processing Dependency: linuxconsoletools for package: gpm-1.20.7-5.el7.x86_64
Nov 29 13:11:51 jegui cloud-init: --> Processing Dependency: libgpm.so.2()(64bit) for package: gpm-1.20.7-5.el7.x86_64
Nov 29 13:11:51 jegui cloud-init: ---> Package hunspell.x86_64 0:1.3.2-15.el7 will be installed
Nov 29 13:11:51 jegui cloud-init: --> Processing Dependency: hunspell-en-US for package: hunspell-1.3.2-15.el7.x86_64
Nov 29 13:11:51 jegui cloud-init: ---> Package hunspell-en.noarch 0:0.20121024-6.el7 will be installed
Nov 29 13:11:51 jegui cloud-init: --> Processing Dependency: hunspell-en-GB = 0.20121024-6.el7 for package: hunspell-en-0.20121024-6.el7.noarch
Nov 29 13:11:51 jegui cloud-init: ---> Package kmod-kvdo.x86_64 0:6.1.1.125-5.el7 will be installed
Nov 29 13:11:52 jegui dracut: *** Including module: kernel-modules ***
Nov 29 13:11:54 jegui cloud-init: ---> Package kpatch.noarch 0:0.6.1-1.el7 will be installed
Nov 29 13:11:54 jegui cloud-init: ---> Package ledmon.x86_64 0:0.90-1.el7 will be installed
Nov 29 13:11:54 jegui cloud-init: ---> Package libaio.x86_64 0:0.3.109-13.el7 will be installed
Nov 29 13:11:54 jegui cloud-init: ---> Package libreport-plugin-mailx.x86_64 0:2.1.11-42.el7 will be installed
Nov 29 13:11:54 jegui cloud-init: --> Processing Dependency: mailx for package: libreport-plugin-mailx-2.1.11-42.el7.x86_64
Nov 29 13:11:54 jegui cloud-init: --> Processing Dependency: libaugeas.so.0()(64bit) for package: libreport-plugin-mailx-2.1.11-42.el7.x86_64
Nov 29 13:11:54 jegui cloud-init: --> Processing Dependency: libtar.so.1()(64bit) for package: libreport-plugin-mailx-2.1.11-42.el7.x86_64
Nov 29 13:11:54 jegui cloud-init: ---> Package libstoragemgmt.x86_64 0:1.6.2-4.el7 will be installed
Nov 29 13:11:54 jegui cloud-init: --> Processing Dependency: libstoragemgmt-python for package: libstoragemgmt-1.6.2-4.el7.x86_64
Nov 29 13:11:54 jegui cloud-init: --> Processing Dependency: libconfig.so.9()(64bit) for package: libstoragemgmt-1.6.2-4.el7.x86_64
Nov 29 13:11:54 jegui cloud-init: --> Processing Dependency: libyajl.so.2()(64bit) for package: libstoragemgmt-1.6.2-4.el7.x86_64
Nov 29 13:11:54 jegui cloud-init: ---> Package lsof.x86_64 0:4.87-6.el7 will be installed
Nov 29 13:11:54 jegui cloud-init: ---> Package lvm2.x86_64 7:2.02.180-8.el7 will be installed
Nov 29 13:11:54 jegui cloud-init: --> Processing Dependency: lvm2-libs = 7:2.02.180-8.el7 for package: 7:lvm2-2.02.180-8.el7.x86_64
Nov 29 13:11:54 jegui cloud-init: --> Processing Dependency: device-mapper-persistent-data >= 0.7.0-0.1.rc6 for package: 7:lvm2-2.02.180-8.el7.x86_64
Nov 29 13:11:54 jegui cloud-init: --> Processing Dependency: liblvm2app.so.2.2(Base)(64bit) for package: 7:lvm2-2.02.180-8.el7.x86_64
Nov 29 13:11:54 jegui cloud-init: --> Processing Dependency: liblvm2app.so.2.2()(64bit) for package: 7:lvm2-2.02.180-8.el7.x86_64
Nov 29 13:11:54 jegui cloud-init: ---> Package man-pages.noarch 0:3.53-5.el7 will be installed
Nov 29 13:11:54 jegui cloud-init: ---> Package man-pages-overrides.x86_64 0:7.6.2-1.el7 will be installed
Nov 29 13:11:54 jegui cloud-init: ---> Package mdadm.x86_64 0:4.1-rc1_2.el7 will be installed
Nov 29 13:11:54 jegui cloud-init: --> Processing Dependency: libreport-filesystem for package: mdadm-4.1-rc1_2.el7.x86_64
Nov 29 13:11:54 jegui cloud-init: ---> Package mlocate.x86_64 0:0.26-8.el7 will be installed
Nov 29 13:11:54 jegui cloud-init: ---> Package mtr.x86_64 2:0.85-7.el7 will be installed
Nov 29 13:11:54 jegui cloud-init: ---> Package nano.x86_64 0:2.3.1-10.el7 will be installed
Nov 29 13:11:54 jegui cloud-init: ---> Package ntpdate.x86_64 0:4.2.6p5-28.el7 will be installed
Nov 29 13:11:54 jegui cloud-init: ---> Package ntsysv.x86_64 0:1.7.4-1.el7 will be installed
Nov 29 13:11:54 jegui cloud-init: ---> Package pciutils.x86_64 0:3.5.1-3.el7 will be installed
Nov 29 13:11:54 jegui cloud-init: ---> Package pexpect.noarch 0:2.3-11.el7 will be installed
Nov 29 13:11:54 jegui cloud-init: ---> Package pinfo.x86_64 0:0.6.10-9.el7 will be installed
Nov 29 13:11:54 jegui cloud-init: ---> Package plymouth.x86_64 0:0.8.9-0.31.20140113.el7 will be installed
Nov 29 13:11:54 jegui cloud-init: --> Processing Dependency: plymouth-core-libs = 0.8.9-0.31.20140113.el7 for package: plymouth-0.8.9-0.31.20140113.el7.x86_64
Nov 29 13:11:54 jegui cloud-init: --> Processing Dependency: plymouth-scripts for package: plymouth-0.8.9-0.31.20140113.el7.x86_64
Nov 29 13:11:54 jegui cloud-init: --> Processing Dependency: system-logos for package: plymouth-0.8.9-0.31.20140113.el7.x86_64
Nov 29 13:11:54 jegui cloud-init: --> Processing Dependency: libdrm.so.2()(64bit) for package: plymouth-0.8.9-0.31.20140113.el7.x86_64
Nov 29 13:11:54 jegui cloud-init: --> Processing Dependency: libply-splash-core.so.2()(64bit) for package: plymouth-0.8.9-0.31.20140113.el7.x86_64
Nov 29 13:11:54 jegui cloud-init: --> Processing Dependency: libply.so.2()(64bit) for package: plymouth-0.8.9-0.31.20140113.el7.x86_64
Nov 29 13:11:54 jegui cloud-init: ---> Package pm-utils.x86_64 0:1.4.1-27.el7 will be installed
Nov 29 13:11:54 jegui cloud-init: ---> Package psacct.x86_64 0:6.6.1-13.el7 will be installed
Nov 29 13:11:54 jegui cloud-init: ---> Package rdate.x86_64 0:1.4-25.el7 will be installed
Nov 29 13:11:54 jegui cloud-init: ---> Package redhat-indexhtml.noarch 0:7-13.el7 will be installed
Nov 29 13:11:54 jegui cloud-init: ---> Package rfkill.x86_64 0:0.4-10.el7 will be installed
Nov 29 13:11:54 jegui cloud-init: ---> Package rng-tools.x86_64 0:6.3.1-3.el7 will be installed
Nov 29 13:11:54 jegui cloud-init: ---> Package scl-utils.x86_64 0:20130529-19.el7 will be installed
Nov 29 13:11:54 jegui cloud-init: ---> Package setserial.x86_64 0:2.17-33.el7 will be installed
Nov 29 13:11:54 jegui cloud-init: ---> Package setuptool.x86_64 0:1.19.11-8.el7 will be installed
Nov 29 13:11:54 jegui cloud-init: ---> Package smartmontools.x86_64 1:6.5-1.el7 will be installed
Nov 29 13:11:54 jegui cloud-init: ---> Package sos.noarch 0:3.6-9.el7 will be installed
Nov 29 13:11:54 jegui cloud-init: --> Processing Dependency: python2-futures for package: sos-3.6-9.el7.noarch
Nov 29 13:11:54 jegui cloud-init: ---> Package sssd-client.x86_64 0:1.16.2-13.el7 will be installed
Nov 29 13:11:54 jegui cloud-init: --> Processing Dependency: libsss_idmap.so.0(SSS_IDMAP_0.4)(64bit) for package: sssd-client-1.16.2-13.el7.x86_64
Nov 29 13:11:54 jegui cloud-init: --> Processing Dependency: libsss_nss_idmap.so.0(SSS_NSS_IDMAP_0.0.1)(64bit) for package: sssd-client-1.16.2-13.el7.x86_64
Nov 29 13:11:54 jegui cloud-init: --> Processing Dependency: libsss_nss_idmap.so.0(SSS_NSS_IDMAP_0.5.0)(64bit) for package: sssd-client-1.16.2-13.el7.x86_64
Nov 29 13:11:54 jegui cloud-init: --> Processing Dependency: libsss_idmap.so.0()(64bit) for package: sssd-client-1.16.2-13.el7.x86_64
Nov 29 13:11:54 jegui cloud-init: --> Processing Dependency: libsss_nss_idmap.so.0()(64bit) for package: sssd-client-1.16.2-13.el7.x86_64
Nov 29 13:11:54 jegui cloud-init: ---> Package strace.x86_64 0:4.12-9.el7 will be installed
Nov 29 13:11:54 jegui cloud-init: ---> Package subscription-manager-plugin-container.x86_64 0:1.21.10-2.el7 will be installed
Nov 29 13:11:54 jegui cloud-init: ---> Package sysstat.x86_64 0:10.1.5-17.el7 will be installed
Nov 29 13:11:54 jegui cloud-init: --> Processing Dependency: libsensors.so.4()(64bit) for package: sysstat-10.1.5-17.el7.x86_64
Nov 29 13:11:54 jegui cloud-init: ---> Package systemtap-runtime.x86_64 0:3.3-3.el7 will be installed
Nov 29 13:11:54 jegui cloud-init: --> Processing Dependency: libdyninstAPI.so.9.3()(64bit) for package: systemtap-runtime-3.3-3.el7.x86_64
Nov 29 13:11:54 jegui cloud-init: --> Processing Dependency: libsymtabAPI.so.9.3()(64bit) for package: systemtap-runtime-3.3-3.el7.x86_64
Nov 29 13:11:54 jegui cloud-init: ---> Package tcsh.x86_64 0:6.18.01-15.el7 will be installed
Nov 29 13:11:54 jegui cloud-init: ---> Package time.x86_64 0:1.7-45.el7 will be installed
Nov 29 13:11:54 jegui cloud-init: ---> Package traceroute.x86_64 3:2.0.22-2.el7 will be installed
Nov 29 13:11:54 jegui cloud-init: ---> Package unzip.x86_64 0:6.0-19.el7 will be installed
Nov 29 13:11:54 jegui cloud-init: ---> Package usb_modeswitch.x86_64 0:2.5.1-1.el7 will be installed
Nov 29 13:11:54 jegui cloud-init: --> Processing Dependency: usb_modeswitch-data >= 20121109 for package: usb_modeswitch-2.5.1-1.el7.x86_64
Nov 29 13:11:54 jegui cloud-init: --> Processing Dependency: libusb-1.0.so.0()(64bit) for package: usb_modeswitch-2.5.1-1.el7.x86_64
Nov 29 13:11:54 jegui cloud-init: ---> Package usbutils.x86_64 0:007-5.el7 will be installed
Nov 29 13:11:54 jegui cloud-init: ---> Package vdo.x86_64 0:6.1.1.125-3.el7 will be installed
Nov 29 13:11:54 jegui cloud-init: ---> Package vim-enhanced.x86_64 2:7.4.160-5.el7 will be installed
Nov 29 13:11:54 jegui cloud-init: --> Processing Dependency: vim-common = 2:7.4.160-5.el7 for package: 2:vim-enhanced-7.4.160-5.el7.x86_64
Nov 29 13:11:54 jegui cloud-init: --> Processing Dependency: perl(:MODULE_COMPAT_5.16.3) for package: 2:vim-enhanced-7.4.160-5.el7.x86_64
Nov 29 13:11:54 jegui cloud-init: --> Processing Dependency: libperl.so()(64bit) for package: 2:vim-enhanced-7.4.160-5.el7.x86_64
Nov 29 13:11:54 jegui cloud-init: ---> Package wget.x86_64 0:1.14-18.el7 will be installed
Nov 29 13:11:54 jegui cloud-init: ---> Package words.noarch 0:3.0-22.el7 will be installed
Nov 29 13:11:54 jegui cloud-init: ---> Package xfsdump.x86_64 0:3.1.7-1.el7 will be installed
Nov 29 13:11:54 jegui cloud-init: ---> Package xkeyboard-config.noarch 0:2.24-1.el7 will be installed
Nov 29 13:11:54 jegui cloud-init: ---> Package yum-langpacks.noarch 0:0.4.2-7.el7 will be installed
Nov 29 13:11:54 jegui cloud-init: --> Processing Dependency: langtable-python for package: yum-langpacks-0.4.2-7.el7.noarch
Nov 29 13:11:54 jegui cloud-init: ---> Package zip.x86_64 0:3.0-11.el7 will be installed
Nov 29 13:11:54 jegui cloud-init: --> Running transaction check
Nov 29 13:11:54 jegui cloud-init: ---> Package abrt.x86_64 0:2.1.11-52.el7 will be installed
Nov 29 13:11:54 jegui cloud-init: --> Processing Dependency: libreport-plugin-ureport >= 2.1.11-36 for package: abrt-2.1.11-52.el7.x86_64
Nov 29 13:11:54 jegui cloud-init: --> Processing Dependency: python-augeas for package: abrt-2.1.11-52.el7.x86_64
Nov 29 13:11:54 jegui cloud-init: ---> Package abrt-addon-kerneloops.x86_64 0:2.1.11-52.el7 will be installed
Nov 29 13:11:54 jegui cloud-init: ---> Package abrt-addon-pstoreoops.x86_64 0:2.1.11-52.el7 will be installed
Nov 29 13:11:54 jegui cloud-init: ---> Package abrt-addon-vmcore.x86_64 0:2.1.11-52.el7 will be installed
Nov 29 13:11:54 jegui cloud-init: ---> Package abrt-addon-xorg.x86_64 0:2.1.11-52.el7 will be installed
Nov 29 13:11:54 jegui cloud-init: ---> Package abrt-libs.x86_64 0:2.1.11-52.el7 will be installed
Nov 29 13:11:54 jegui cloud-init: ---> Package abrt-python.x86_64 0:2.1.11-52.el7 will be installed
Nov 29 13:11:54 jegui cloud-init: --> Processing Dependency: abrt-dbus = 2.1.11-52.el7 for package: abrt-python-2.1.11-52.el7.x86_64
Nov 29 13:11:54 jegui cloud-init: ---> Package abrt-tui.x86_64 0:2.1.11-52.el7 will be installed
Nov 29 13:11:54 jegui cloud-init: --> Processing Dependency: libreport-cli >= 2.1.11-36 for package: abrt-tui-2.1.11-52.el7.x86_64
Nov 29 13:11:54 jegui cloud-init: ---> Package augeas-libs.x86_64 0:1.4.0-6.el7 will be installed
Nov 29 13:11:54 jegui cloud-init: ---> Package bind-libs.x86_64 32:9.9.4-72.el7 will be installed
Nov 29 13:11:54 jegui cloud-init: ---> Package device-mapper-event-libs.x86_64 7:1.02.149-8.el7 will be installed
Nov 29 13:11:54 jegui cloud-init: ---> Package device-mapper-persistent-data.x86_64 0:0.7.3-3.el7 will be installed
Nov 29 13:11:54 jegui cloud-init: ---> Package dmraid-events.x86_64 0:1.0.0.rc16-28.el7 will be installed
Nov 29 13:11:54 jegui cloud-init: --> Processing Dependency: device-mapper-event for package: dmraid-events-1.0.0.rc16-28.el7.x86_64
Nov 29 13:11:54 jegui cloud-init: --> Processing Dependency: sgpio for package: dmraid-events-1.0.0.rc16-28.el7.x86_64
Nov 29 13:11:54 jegui cloud-init: ---> Package dyninst.x86_64 0:9.3.1-2.el7 will be installed
Nov 29 13:11:54 jegui cloud-init: --> Processing Dependency: libboost_date_time-mt.so.1.53.0()(64bit) for package: dyninst-9.3.1-2.el7.x86_64
Nov 29 13:11:54 jegui cloud-init: --> Processing Dependency: libboost_system-mt.so.1.53.0()(64bit) for package: dyninst-9.3.1-2.el7.x86_64
Nov 29 13:11:54 jegui cloud-init: --> Processing Dependency: libboost_thread-mt.so.1.53.0()(64bit) for package: dyninst-9.3.1-2.el7.x86_64
Nov 29 13:11:54 jegui cloud-init: --> Processing Dependency: libdwarf.so.0()(64bit) for package: dyninst-9.3.1-2.el7.x86_64
Nov 29 13:11:54 jegui cloud-init: ---> Package ebtables.x86_64 0:2.0.10-16.el7 will be installed
Nov 29 13:11:54 jegui cloud-init: ---> Package elfutils.x86_64 0:0.172-2.el7 will be installed
Nov 29 13:11:54 jegui cloud-init: ---> Package firewalld-filesystem.noarch 0:0.5.3-5.el7 will be installed
Nov 29 13:11:54 jegui cloud-init: ---> Package fprintd.x86_64 0:0.8.1-2.el7 will be installed
Nov 29 13:11:54 jegui cloud-init: --> Processing Dependency: libfprint.so.0()(64bit) for package: fprintd-0.8.1-2.el7.x86_64
Nov 29 13:11:54 jegui cloud-init: ---> Package gdb.x86_64 0:7.6.1-114.el7 will be installed
Nov 29 13:11:54 jegui cloud-init: ---> Package gpm-libs.x86_64 0:1.20.7-5.el7 will be installed
Nov 29 13:11:54 jegui cloud-init: ---> Package hunspell-en-GB.noarch 0:0.20121024-6.el7 will be installed
Nov 29 13:11:54 jegui cloud-init: ---> Package hunspell-en-US.noarch 0:0.20121024-6.el7 will be installed
Nov 29 13:11:54 jegui cloud-init: ---> Package ipset.x86_64 0:6.38-2.el7 will be installed
Nov 29 13:11:54 jegui cloud-init: --> Processing Dependency: ipset-libs(x86-64) = 6.38-2.el7 for package: ipset-6.38-2.el7.x86_64
Nov 29 13:11:54 jegui cloud-init: --> Processing Dependency: libipset.so.11(LIBIPSET_1.0)(64bit) for package: ipset-6.38-2.el7.x86_64
Nov 29 13:11:54 jegui cloud-init: --> Processing Dependency: libipset.so.11(LIBIPSET_2.0)(64bit) for package: ipset-6.38-2.el7.x86_64
Nov 29 13:11:54 jegui cloud-init: --> Processing Dependency: libipset.so.11(LIBIPSET_3.0)(64bit) for package: ipset-6.38-2.el7.x86_64
Nov 29 13:11:54 jegui cloud-init: --> Processing Dependency: libipset.so.11(LIBIPSET_4.5)(64bit) for package: ipset-6.38-2.el7.x86_64
Nov 29 13:11:54 jegui cloud-init: --> Processing Dependency: libipset.so.11(LIBIPSET_4.6)(64bit) for package: ipset-6.38-2.el7.x86_64
Nov 29 13:11:54 jegui cloud-init: --> Processing Dependency: libipset.so.11()(64bit) for package: ipset-6.38-2.el7.x86_64
Nov 29 13:11:54 jegui cloud-init: ---> Package iw.x86_64 0:4.3-2.el7 will be installed
Nov 29 13:11:54 jegui cloud-init: ---> Package langtable-python.noarch 0:0.0.31-3.el7 will be installed
Nov 29 13:11:54 jegui cloud-init: --> Processing Dependency: langtable = 0.0.31-3.el7 for package: langtable-python-0.0.31-3.el7.noarch
Nov 29 13:11:54 jegui cloud-init: --> Processing Dependency: langtable-data = 0.0.31-3.el7 for package: langtable-python-0.0.31-3.el7.noarch
Nov 29 13:11:54 jegui cloud-init: ---> Package libconfig.x86_64 0:1.4.9-5.el7 will be installed
Nov 29 13:11:54 jegui cloud-init: ---> Package libdrm.x86_64 0:2.4.91-3.el7 will be installed
Nov 29 13:11:54 jegui cloud-init: --> Processing Dependency: libpciaccess.so.0()(64bit) for package: libdrm-2.4.91-3.el7.x86_64
Nov 29 13:11:54 jegui cloud-init: ---> Package libreport.x86_64 0:2.1.11-42.el7 will be installed
Nov 29 13:11:54 jegui cloud-init: ---> Package libreport-filesystem.x86_64 0:2.1.11-42.el7 will be installed
Nov 29 13:11:54 jegui cloud-init: ---> Package libreport-plugin-rhtsupport.x86_64 0:2.1.11-42.el7 will be installed
Nov 29 13:11:54 jegui cloud-init: --> Processing Dependency: libreport-web = 2.1.11-42.el7 for package: libreport-plugin-rhtsupport-2.1.11-42.el7.x86_64
Nov 29 13:11:54 jegui cloud-init: --> Processing Dependency: libproxy.so.1()(64bit) for package: libreport-plugin-rhtsupport-2.1.11-42.el7.x86_64
Nov 29 13:11:54 jegui cloud-init: --> Processing Dependency: libreport-web.so.0()(64bit) for package: libreport-plugin-rhtsupport-2.1.11-42.el7.x86_64
Nov 29 13:11:54 jegui cloud-init: --> Processing Dependency: libxmlrpc.so.3()(64bit) for package: libreport-plugin-rhtsupport-2.1.11-42.el7.x86_64
Nov 29 13:11:55 jegui cloud-init: --> Processing Dependency: libxmlrpc_client.so.3()(64bit) for package: libreport-plugin-rhtsupport-2.1.11-42.el7.x86_64
Nov 29 13:11:55 jegui cloud-init: --> Processing Dependency: libxmlrpc_util.so.3()(64bit) for package: libreport-plugin-rhtsupport-2.1.11-42.el7.x86_64
Nov 29 13:11:55 jegui cloud-init: ---> Package libreport-python.x86_64 0:2.1.11-42.el7 will be installed
Nov 29 13:11:55 jegui cloud-init: ---> Package libreport-rhel.x86_64 0:2.1.11-42.el7 will be installed
Nov 29 13:11:55 jegui cloud-init: ---> Package libsss_idmap.x86_64 0:1.16.2-13.el7 will be installed
Nov 29 13:11:55 jegui cloud-init: ---> Package libsss_nss_idmap.x86_64 0:1.16.2-13.el7 will be installed
Nov 29 13:11:55 jegui cloud-init: ---> Package libstoragemgmt-python.noarch 0:1.6.2-4.el7 will be installed
Nov 29 13:11:55 jegui cloud-init: --> Processing Dependency: libstoragemgmt-python-clibs for package: libstoragemgmt-python-1.6.2-4.el7.noarch
Nov 29 13:11:55 jegui cloud-init: ---> Package libtar.x86_64 0:1.2.11-29.el7 will be installed
Nov 29 13:11:55 jegui cloud-init: ---> Package libusbx.x86_64 0:1.0.21-1.el7 will be installed
Nov 29 13:11:55 jegui cloud-init: ---> Package linuxconsoletools.x86_64 0:1.4.5-3.el7 will be installed
Nov 29 13:11:55 jegui cloud-init: --> Processing Dependency: libSDL-1.2.so.0()(64bit) for package: linuxconsoletools-1.4.5-3.el7.x86_64
Nov 29 13:11:55 jegui cloud-init: ---> Package lm_sensors-libs.x86_64 0:3.4.0-6.20160601gitf9185e5.el7 will be installed
Nov 29 13:11:55 jegui cloud-init: ---> Package lvm2-libs.x86_64 7:2.02.180-8.el7 will be installed
Nov 29 13:11:55 jegui cloud-init: ---> Package mailx.x86_64 0:12.5-19.el7 will be installed
Nov 29 13:11:55 jegui cloud-init: ---> Package perl.x86_64 4:5.16.3-293.el7 will be installed
Nov 29 13:11:55 jegui cloud-init: --> Processing Dependency: perl(Scalar::Util) >= 1.10 for package: 4:perl-5.16.3-293.el7.x86_64
Nov 29 13:11:55 jegui cloud-init: --> Processing Dependency: perl(Socket) >= 1.3 for package: 4:perl-5.16.3-293.el7.x86_64
Nov 29 13:11:55 jegui cloud-init: --> Processing Dependency: perl(Carp) for package: 4:perl-5.16.3-293.el7.x86_64
Nov 29 13:11:55 jegui cloud-init: --> Processing Dependency: perl(Cwd) for package: 4:perl-5.16.3-293.el7.x86_64
Nov 29 13:11:55 jegui cloud-init: --> Processing Dependency: perl(Exporter) for package: 4:perl-5.16.3-293.el7.x86_64
Nov 29 13:11:55 jegui cloud-init: --> Processing Dependency: perl(File::Path) for package: 4:perl-5.16.3-293.el7.x86_64
Nov 29 13:11:55 jegui cloud-init: --> Processing Dependency: perl(File::Spec) for package: 4:perl-5.16.3-293.el7.x86_64
Nov 29 13:11:55 jegui cloud-init: --> Processing Dependency: perl(File::Spec::Functions) for package: 4:perl-5.16.3-293.el7.x86_64
Nov 29 13:11:55 jegui cloud-init: --> Processing Dependency: perl(File::Spec::Unix) for package: 4:perl-5.16.3-293.el7.x86_64
Nov 29 13:11:55 jegui cloud-init: --> Processing Dependency: perl(File::Temp) for package: 4:perl-5.16.3-293.el7.x86_64
Nov 29 13:11:55 jegui cloud-init: --> Processing Dependency: perl(Filter::Util::Call) for package: 4:perl-5.16.3-293.el7.x86_64
Nov 29 13:11:55 jegui cloud-init: --> Processing Dependency: perl(Getopt::Long) for package: 4:perl-5.16.3-293.el7.x86_64
Nov 29 13:11:55 jegui cloud-init: --> Processing Dependency: perl(Pod::Simple::Search) for package: 4:perl-5.16.3-293.el7.x86_64
Nov 29 13:11:55 jegui cloud-init: --> Processing Dependency: perl(Pod::Simple::XHTML) for package: 4:perl-5.16.3-293.el7.x86_64
Nov 29 13:11:55 jegui cloud-init: --> Processing Dependency: perl(Scalar::Util) for package: 4:perl-5.16.3-293.el7.x86_64
Nov 29 13:11:55 jegui cloud-init: --> Processing Dependency: perl(Socket) for package: 4:perl-5.16.3-293.el7.x86_64
Nov 29 13:11:55 jegui cloud-init: --> Processing Dependency: perl(Storable) for package: 4:perl-5.16.3-293.el7.x86_64
Nov 29 13:11:55 jegui cloud-init: --> Processing Dependency: perl(Time::HiRes) for package: 4:perl-5.16.3-293.el7.x86_64
Nov 29 13:11:55 jegui cloud-init: --> Processing Dependency: perl(Time::Local) for package: 4:perl-5.16.3-293.el7.x86_64
Nov 29 13:11:55 jegui cloud-init: --> Processing Dependency: perl(constant) for package: 4:perl-5.16.3-293.el7.x86_64
Nov 29 13:11:55 jegui cloud-init: --> Processing Dependency: perl(threads) for package: 4:perl-5.16.3-293.el7.x86_64
Nov 29 13:11:55 jegui cloud-init: --> Processing Dependency: perl(threads::shared) for package: 4:perl-5.16.3-293.el7.x86_64
Nov 29 13:11:55 jegui cloud-init: --> Processing Dependency: perl-macros for package: 4:perl-5.16.3-293.el7.x86_64
Nov 29 13:11:55 jegui cloud-init: ---> Package perl-libs.x86_64 4:5.16.3-293.el7 will be installed
Nov 29 13:11:55 jegui cloud-init: ---> Package plymouth-core-libs.x86_64 0:0.8.9-0.31.20140113.el7 will be installed
Nov 29 13:11:55 jegui cloud-init: ---> Package plymouth-scripts.x86_64 0:0.8.9-0.31.20140113.el7 will be installed
Nov 29 13:11:55 jegui cloud-init: ---> Package python-firewall.noarch 0:0.5.3-5.el7 will be installed
Nov 29 13:11:55 jegui cloud-init: --> Processing Dependency: python-slip-dbus for package: python-firewall-0.5.3-5.el7.noarch
Nov 29 13:11:55 jegui cloud-init: ---> Package python2-futures.noarch 0:3.1.1-5.el7 will be installed
Nov 29 13:11:55 jegui cloud-init: ---> Package redhat-logos.noarch 0:70.0.3-7.el7 will be installed
Nov 29 13:11:55 jegui cloud-init: ---> Package satyr.x86_64 0:0.13-15.el7 will be installed
Nov 29 13:11:55 jegui cloud-init: ---> Package systemd-python.x86_64 0:219-62.el7 will be installed
Nov 29 13:11:55 jegui cloud-init: ---> Package tcl.x86_64 1:8.5.13-8.el7 will be installed
Nov 29 13:11:55 jegui cloud-init: ---> Package usb_modeswitch-data.noarch 0:20170806-1.el7 will be installed
Nov 29 13:11:55 jegui cloud-init: ---> Package vim-common.x86_64 2:7.4.160-5.el7 will be installed
Nov 29 13:11:55 jegui cloud-init: --> Processing Dependency: vim-filesystem for package: 2:vim-common-7.4.160-5.el7.x86_64
Nov 29 13:11:55 jegui cloud-init: ---> Package yajl.x86_64 0:2.0.4-4.el7 will be installed
Nov 29 13:11:55 jegui cloud-init: --> Running transaction check
Nov 29 13:11:55 jegui cloud-init: ---> Package SDL.x86_64 0:1.2.15-14.el7 will be installed
Nov 29 13:11:55 jegui cloud-init: ---> Package abrt-dbus.x86_64 0:2.1.11-52.el7 will be installed
Nov 29 13:11:55 jegui cloud-init: ---> Package boost-date-time.x86_64 0:1.53.0-27.el7 will be installed
Nov 29 13:11:55 jegui cloud-init: ---> Package boost-system.x86_64 0:1.53.0-27.el7 will be installed
Nov 29 13:11:55 jegui cloud-init: ---> Package boost-thread.x86_64 0:1.53.0-27.el7 will be installed
Nov 29 13:11:55 jegui cloud-init: ---> Package device-mapper-event.x86_64 7:1.02.149-8.el7 will be installed
Nov 29 13:11:55 jegui cloud-init: ---> Package ipset-libs.x86_64 0:6.38-2.el7 will be installed
Nov 29 13:11:55 jegui cloud-init: ---> Package langtable.noarch 0:0.0.31-3.el7 will be installed
Nov 29 13:11:55 jegui cloud-init: ---> Package langtable-data.noarch 0:0.0.31-3.el7 will be installed
Nov 29 13:11:55 jegui cloud-init: ---> Package libdwarf.x86_64 0:20130207-4.el7 will be installed
Nov 29 13:11:55 jegui cloud-init: ---> Package libfprint.x86_64 0:0.8.2-1.el7 will be installed
Nov 29 13:11:55 jegui cloud-init: --> Processing Dependency: libpixman-1.so.0()(64bit) for package: libfprint-0.8.2-1.el7.x86_64
Nov 29 13:11:55 jegui cloud-init: ---> Package libpciaccess.x86_64 0:0.14-1.el7 will be installed
Nov 29 13:11:55 jegui cloud-init: ---> Package libproxy.x86_64 0:0.4.11-11.el7 will be installed
Nov 29 13:11:55 jegui cloud-init: --> Processing Dependency: libmodman.so.1()(64bit) for package: libproxy-0.4.11-11.el7.x86_64
Nov 29 13:11:55 jegui cloud-init: ---> Package libreport-cli.x86_64 0:2.1.11-42.el7 will be installed
Nov 29 13:11:55 jegui cloud-init: ---> Package libreport-plugin-ureport.x86_64 0:2.1.11-42.el7 will be installed
Nov 29 13:11:55 jegui cloud-init: ---> Package libreport-web.x86_64 0:2.1.11-42.el7 will be installed
Nov 29 13:11:55 jegui cloud-init: ---> Package libstoragemgmt-python-clibs.x86_64 0:1.6.2-4.el7 will be installed
Nov 29 13:11:55 jegui cloud-init: ---> Package perl-Carp.noarch 0:1.26-244.el7 will be installed
Nov 29 13:11:55 jegui cloud-init: ---> Package perl-Exporter.noarch 0:5.68-3.el7 will be installed
Nov 29 13:11:55 jegui cloud-init: ---> Package perl-File-Path.noarch 0:2.09-2.el7 will be installed
Nov 29 13:11:55 jegui cloud-init: ---> Package perl-File-Temp.noarch 0:0.23.01-3.el7 will be installed
Nov 29 13:11:55 jegui cloud-init: ---> Package perl-Filter.x86_64 0:1.49-3.el7 will be installed
Nov 29 13:11:55 jegui cloud-init: ---> Package perl-Getopt-Long.noarch 0:2.40-3.el7 will be installed
Nov 29 13:11:55 jegui cloud-init: --> Processing Dependency: perl(Pod::Usage) >= 1.14 for package: perl-Getopt-Long-2.40-3.el7.noarch
Nov 29 13:11:55 jegui cloud-init: --> Processing Dependency: perl(Text::ParseWords) for package: perl-Getopt-Long-2.40-3.el7.noarch
Nov 29 13:11:55 jegui cloud-init: ---> Package perl-PathTools.x86_64 0:3.40-5.el7 will be installed
Nov 29 13:11:55 jegui cloud-init: ---> Package perl-Pod-Simple.noarch 1:3.28-4.el7 will be installed
Nov 29 13:11:55 jegui cloud-init: --> Processing Dependency: perl(Pod::Escapes) >= 1.04 for package: 1:perl-Pod-Simple-3.28-4.el7.noarch
Nov 29 13:11:55 jegui cloud-init: --> Processing Dependency: perl(Encode) for package: 1:perl-Pod-Simple-3.28-4.el7.noarch
Nov 29 13:11:55 jegui cloud-init: ---> Package perl-Scalar-List-Utils.x86_64 0:1.27-248.el7 will be installed
Nov 29 13:11:55 jegui cloud-init: ---> Package perl-Socket.x86_64 0:2.010-4.el7 will be installed
Nov 29 13:11:55 jegui cloud-init: ---> Package perl-Storable.x86_64 0:2.45-3.el7 will be installed
Nov 29 13:11:55 jegui cloud-init: ---> Package perl-Time-HiRes.x86_64 4:1.9725-3.el7 will be installed
Nov 29 13:11:55 jegui cloud-init: ---> Package perl-Time-Local.noarch 0:1.2300-2.el7 will be installed
Nov 29 13:11:55 jegui cloud-init: ---> Package perl-constant.noarch 0:1.27-2.el7 will be installed
Nov 29 13:11:55 jegui cloud-init: ---> Package perl-macros.x86_64 4:5.16.3-293.el7 will be installed
Nov 29 13:11:55 jegui kernel: serial8250: too much work for irq4
Nov 29 13:11:55 jegui cloud-init: ---> Package perl-threads.x86_64 0:1.87-4.el7 will be installed
Nov 29 13:11:55 jegui cloud-init: ---> Package perl-threads-shared.x86_64 0:1.43-6.el7 will be installed
Nov 29 13:11:55 jegui cloud-init: ---> Package python-augeas.noarch 0:0.5.0-2.el7 will be installed
Nov 29 13:11:55 jegui cloud-init: ---> Package python-slip-dbus.noarch 0:0.4.0-4.el7 will be installed
Nov 29 13:11:55 jegui cloud-init: --> Processing Dependency: python-slip = 0.4.0-4.el7 for package: python-slip-dbus-0.4.0-4.el7.noarch
Nov 29 13:11:55 jegui cloud-init: ---> Package sgpio.x86_64 0:1.2.0.10-13.el7 will be installed
Nov 29 13:11:55 jegui cloud-init: ---> Package vim-filesystem.x86_64 2:7.4.160-5.el7 will be installed
